169.229.108.108 - - [07/Sep/2013:23:12:13 -0700] "GET /tex/$%5Cint_%7B-%5Cinfty%7D%5E%7B%5C23%7D%20f%28t%29e%5E%7B-2%5Cpi%20i%5Comega%20t%7Ddt$.png HTTP/1.1" 500 291 "-" "Mozilla/5.0 (X11; Linux i686) AppleWebKit/537.36 (KHTML, like Gecko) Ubuntu Chromium/28.0.1500.71 Chrome/28.0.1500.71 Safari/537.36"
169.229.108.108 - - [07/Sep/2013:23:12:16 -0700] "GET /favicon.ico HTTP/1.1" 500 291 "-" "Mozilla/5.0 (X11; Linux i686) AppleWebKit/537.36 (KHTML, like Gecko) Ubuntu Chromium/28.0.1500.71 Chrome/28.0.1500.71 Safari/537.36"
169.229.108.108 - - [07/Sep/2013:23:12:16 -0700] "GET /favicon.ico HTTP/1.1" 500 291 "-" "Mozilla/5.0 (X11; Linux i686) AppleWebKit/537.36 (KHTML, like Gecko) Ubuntu Chromium/28.0.1500.71 Chrome/28.0.1500.71 Safari/537.36"
24.130.122.188 - - [07/Sep/2013:23:14:18 -0700] "GET /tex/$%5Cint_%7B-%5Cinfty%7D%5E%7B%5Cinfty%7D%20f%28t%29e%5E%7B-2%5Cpi%20i%5Comega%20t%7Ddt$.png HTTP/1.1" 200 2558 "http://www.facebook.com/l.php?u=http%3A%2F%2Ftex.sh%2Ftex%2F%24%255Cint_%257B-%255Cinfty%257D%255E%257B%255Cinfty%257D%2520f%2528t%2529e%255E%257B-2%255Cpi%2520i%255Comega%2520t%257Ddt%24.png&h=uAQECGAcX" "Mozilla/5.0 (Windows NT 6.1; WOW64; rv:23.0) Gecko/20100101 Firefox/23.0"
24.130.122.188 - - [07/Sep/2013:23:14:18 -0700] "GET /tex/$%5Cint_%7B-%5Cinfty%7D%5E%7B%5Cinfty%7D%20f%28t%29e%5E%7B-2%5Cpi%20i%5Comega%20t%7Ddt$.png HTTP/1.1" 200 2558 "-" "Mozilla/5.0 (Windows NT 6.1; WOW64; rv:23.0) Gecko/20100101 Firefox/23.0"
158.130.152.138 - - [07/Sep/2013:23:14:19 -0700] "GET /tex/$%5Cint_%7B-%5Cinfty%7D%5E%7B%5Cinfty%7D%20f%28t%29e%5E%7B-2%5Cpi%20i%5Comega%20t%7Ddt$.png HTTP/1.1" 200 2558 "http://www.facebook.com/l.php?u=http%3A%2F%2Ftex.sh%2Ftex%2F%24%255Cint_%257B-%255Cinfty%257D%255E%257B%255Cinfty%257D%2520f%2528t%2529e%255E%257B-2%255Cpi%2520i%255Comega%2520t%257Ddt%24.png&h=gAQFhyKVJ" "Mozilla/5.0 (X11; Ubuntu; Linux x86_64; rv:23.0) Gecko/20100101 Firefox/23.0"
24.130.122.188 - - [07/Sep/2013:23:14:24 -0700] "GET /tex/$%5Cint_%7B-%5Cinfty%7D%5E%7B%5Cinfty%7D%20f%28t%29e%5E%7B-2%5Cpi%20i%5Comega%20t%7Ddt$.png HTTP/1.1" 200 2558 "http://www.facebook.com/l.php?u=http%3A%2F%2Ftex.sh%2Ftex%2F%24%255Cint_%257B-%255Cinfty%257D%255E%257B%255Cinfty%257D%2520f%2528t%2529e%255E%257B-2%255Cpi%2520i%255Comega%2520t%257Ddt%24.png&h=TAQGrSc_6&s=1" "Mozilla/5.0 (Windows NT 6.1; WOW64; rv:23.0) Gecko/20100101 Firefox/23.0"
24.130.122.188 - - [07/Sep/2013:23:14:24 -0700] "GET /tex/$%5Cint_%7B-%5Cinfty%7D%5E%7B%5Cinfty%7D%20f%28t%29e%5E%7B-2%5Cpi%20i%5Comega%20t%7Ddt$.png HTTP/1.1" 200 2558 "-" "Mozilla/5.0 (Windows NT 6.1; WOW64; rv:23.0) Gecko/20100101 Firefox/23.0"
24.130.122.188 - - [07/Sep/2013:23:15:28 -0700] "GET /tex/$%5Cint_%7B-%5Cinfty%7D%5E%7B%5Cinfty%7D%20f%28t%29e%5E%7B-2%5Cpi%20i%5Comega%20t%7Ddt$.png HTTP/1.1" 200 2558 "http://www.facebook.com/l.php?u=http%3A%2F%2Ftex.sh%2Ftex%2F%24%255Cint_%257B-%255Cinfty%257D%255E%257B%255Cinfty%257D%2520f%2528t%2529e%255E%257B-2%255Cpi%2520i%255Comega%2520t%257Ddt%24.png&h=uAQECGAcX" "Mozilla/5.0 (Windows NT 6.1; WOW64; rv:23.0) Gecko/20100101 Firefox/23.0"
24.130.122.188 - - [07/Sep/2013:23:15:28 -0700] "GET /tex/$%5Cint_%7B-%5Cinfty%7D%5E%7B%5Cinfty%7D%20f%28t%29e%5E%7B-2%5Cpi%20i%5Comega%20t%7Ddt$.png HTTP/1.1" 200 2558 "-" "Mozilla/5.0 (Windows NT 6.1; WOW64; rv:23.0) Gecko/20100101 Firefox/23.0"
204.236.192.191 - - [07/Sep/2013:23:47:33 -0700] "GET /tex/$sum_%7Bi=-infty%7D%5E%7Binfty%7D%20x%5Bn%5D%20e%5E%7B-2%5Cpi%20i%5Comega%20t%7D$ HTTP/1.1" 200 3174 "-" "Camo Asset Proxy 1.1.2"
54.224.187.97 - - [07/Sep/2013:23:50:14 -0700] "GET /graph/x%5E2 HTTP/1.1" 200 10299 "-" "Camo Asset Proxy 1.1.2"
158.130.152.138 - - [07/Sep/2013:23:55:16 -0700] "GET /tex/%5Cfrac%7B3%7D%7B2%7D HTTP/1.0" 200 652 "-" "Python-urllib/1.17"
54.224.187.97 - - [07/Sep/2013:23:58:00 -0700] "GET /tex/$%5Csum_%7Bi=-%5Cinfty%7D%5E%7B%5Cinfty%7D%20x%5Bn%5D%20e%5E%7B-2%5Cpi%20i%5Comega%20t%7D$ HTTP/1.1" 200 2379 "-" "Camo Asset Proxy 1.1.2"
158.130.159.81 - - [07/Sep/2013:23:58:40 -0700] "GET /tex/$//sum_%7Bi=-//infty%7D%5E%7B//infty%7D HTTP/1.1" 200 2932 "http://webchat.freenode.net/" "Mozilla/5.0 (Windows NT 6.1; WOW64) AppleWebKit/537.36 (KHTML, like Gecko) Chrome/30.0.1599.28 Safari/537.36"
158.130.159.81 - - [07/Sep/2013:23:58:40 -0700] "GET /favicon.ico HTTP/1.1" 500 291 "-" "Mozilla/5.0 (Windows NT 6.1; WOW64) AppleWebKit/537.36 (KHTML, like Gecko) Chrome/30.0.1599.28 Safari/537.36"
158.130.159.81 - - [07/Sep/2013:23:59:03 -0700] "GET /tex/$//sum_%7Bi=-//infty%7D%5E%7B//infty%7D%20x[n]%20e%5E%7B-2//pi%20i//omega%20t%7D$ HTTP/1.1" 200 4555 "-" "Mozilla/5.0 (Windows NT 6.1; WOW64) AppleWebKit/537.36 (KHTML, like Gecko) Chrome/30.0.1599.28 Safari/537.36"
158.130.159.81 - - [07/Sep/2013:23:59:04 -0700] "GET /favicon.ico HTTP/1.1" 500 291 "-" "Mozilla/5.0 (Windows NT 6.1; WOW64) AppleWebKit/537.36 (KHTML, like Gecko) Chrome/30.0.1599.28 Safari/537.36"
158.130.159.81 - - [07/Sep/2013:23:59:27 -0700] "GET /tex/$//sum_%7Bi=-//infty%7D%5E%7B//infty%7D%20x[n]%20e%5E%7B-i//omega%20t%7D$ HTTP/1.1" 200 4277 "-" "Mozilla/5.0 (Windows NT 6.1; WOW64) AppleWebKit/537.36 (KHTML, like Gecko) Chrome/30.0.1599.28 Safari/537.36"
158.130.159.81 - - [07/Sep/2013:23:59:27 -0700] "GET /favicon.ico HTTP/1.1" 500 291 "-" "Mozilla/5.0 (Windows NT 6.1; WOW64) AppleWebKit/537.36 (KHTML, like Gecko) Chrome/30.0.1599.28 Safari/537.36"
158.130.152.138 - - [08/Sep/2013:00:00:17 -0700] "GET /tex/$%5C%5Csum_%7Bi=-%5C%5Cinfty%7D%5E%7B%5C%5Cinfty%7D%20x%5Bn%5D%20e%5E%7B-i%5C%5Comega%20t%7D$ HTTP/1.1" 200 4277 "-" "Mozilla/5.0 (X11; Ubuntu; Linux x86_64; rv:23.0) Gecko/20100101 Firefox/23.0"
158.130.152.138 - - [08/Sep/2013:00:00:52 -0700] "GET /tex/$%5Csum_%7Bi=-%5Cinfty%7D%5E%7B%5Cinfty%7D%20x%5Bn%5D%20e%5E%7B-i%5Comega%20t%7D$ HTTP/1.1" 200 2150 "-" "Mozilla/5.0 (X11; Ubuntu; Linux x86_64; rv:23.0) Gecko/20100101 Firefox/23.0"
54.224.187.97 - - [08/Sep/2013:00:01:22 -0700] "GET /tex/$%5Csum_%7Bi=-%5Cinfty%7D%5E%7B%5Cinfty%7D%20x%5Bn%5D%20e%5E%7B-i%5Comega%20t%7D$ HTTP/1.1" 200 2150 "-" "Camo Asset Proxy 1.1.2"
204.236.192.191 - - [08/Sep/2013:00:03:19 -0700] "GET /graph/x%5E2,xmin=-5,xmax=+5,ymin=0,xlabel=%22label%22 HTTP/1.1" 200 13945 "-" "Camo Asset Proxy 1.1.2"
54.224.187.97 - - [08/Sep/2013:00:04:06 -0700] "GET /graph/x%5E2,xmin=-5,xmax=+5,ymin=0,xlabel=x%20label HTTP/1.1" 200 13963 "-" "Camo Asset Proxy 1.1.2"
54.224.187.97 - - [08/Sep/2013:00:04:24 -0700] "GET /graph/x%5E2,xmin=-5,xmax=+5,ymin=0,xlabel=label HTTP/1.1" 200 13760 "-" "Camo Asset Proxy 1.1.2"
158.130.153.131 - - [08/Sep/2013:00:09:23 -0700] "GET / HTTP/1.1" 200 666 "-" "Mozilla/5.0 (Macintosh; Intel Mac OS X 10_7_5) AppleWebKit/536.26.14 (KHTML, like Gecko) Version/6.0.1 Safari/536.26.14"
158.130.153.131 - - [08/Sep/2013:00:09:24 -0700] "GET /js/bootstrap.min.js HTTP/1.1" 200 25779 "http://tex.sh/" "Mozilla/5.0 (Macintosh; Intel Mac OS X 10_7_5) AppleWebKit/536.26.14 (KHTML, like Gecko) Version/6.0.1 Safari/536.26.14"
158.130.153.131 - - [08/Sep/2013:00:09:24 -0700] "GET /js/main.js HTTP/1.1" 200 364 "http://tex.sh/" "Mozilla/5.0 (Macintosh; Intel Mac OS X 10_7_5) AppleWebKit/536.26.14 (KHTML, like Gecko) Version/6.0.1 Safari/536.26.14"
158.130.153.131 - - [08/Sep/2013:00:09:24 -0700] "GET /js/jquery.min.js HTTP/1.1" 200 83689 "http://tex.sh/" "Mozilla/5.0 (Macintosh; Intel Mac OS X 10_7_5) AppleWebKit/536.26.14 (KHTML, like Gecko) Version/6.0.1 Safari/536.26.14"
158.130.153.131 - - [08/Sep/2013:00:09:24 -0700] "GET /css/bootstrap.min.css HTTP/1.1" 200 101342 "http://tex.sh/" "Mozilla/5.0 (Macintosh; Intel Mac OS X 10_7_5) AppleWebKit/536.26.14 (KHTML, like Gecko) Version/6.0.1 Safari/536.26.14"
158.130.153.131 - - [08/Sep/2013:00:09:30 -0700] "GET /favicon.ico HTTP/1.1" 500 291 "http://tex.sh/" "Mozilla/5.0 (Macintosh; Intel Mac OS X 10_7_5) AppleWebKit/536.26.14 (KHTML, like Gecko) Version/6.0.1 Safari/536.26.14"
158.130.153.131 - - [08/Sep/2013:00:09:35 -0700] "GET /tex/$%5C%5Csum_%7Bi=-%5C%5Cinfty%7D%5E%7B%5C%5Cinfty%7D HTTP/1.1" 200 2932 "-" "Mozilla/5.0 (Macintosh; Intel Mac OS X 10_7_5) AppleWebKit/536.26.14 (KHTML, like Gecko) Version/6.0.1 Safari/536.26.14"
158.130.153.131 - - [08/Sep/2013:00:09:42 -0700] "GET /tex/$%5C%5Csum_%7Bi=-%5C%5Cinfty%7D%5E%7B%5C%5Cinfty%7D HTTP/1.1" 200 2932 "-" "Mozilla/5.0 (Macintosh; Intel Mac OS X 10_7_5) AppleWebKit/536.26.14 (KHTML, like Gecko) Version/6.0.1 Safari/536.26.14"
158.130.153.131 - - [08/Sep/2013:00:09:45 -0700] "GET /tex/$%5C%5Csum_%7Bi=-%5C%5Cinfty%7D%5E%7B%5C%5Cinfty%7D HTTP/1.1" 200 2932 "-" "Mozilla/5.0 (Macintosh; Intel Mac OS X 10_7_5) AppleWebKit/536.26.14 (KHTML, like Gecko) Version/6.0.1 Safari/536.26.14"
158.130.153.131 - - [08/Sep/2013:00:09:50 -0700] "GET /tex/$%5C%5Csum_%7Bi=-%5C%5Cinfty%7D%5E%7B%5C%5Cinfty%7D HTTP/1.1" 200 2932 "-" "Mozilla/5.0 (Macintosh; Intel Mac OS X 10_7_5) AppleWebKit/536.26.14 (KHTML, like Gecko) Version/6.0.1 Safari/536.26.14"
158.130.153.131 - - [08/Sep/2013:00:09:57 -0700] "GET /tex/$%5Csum_%7Bi=-%5Cinfty%7D%5E%7B%5Cinfty%7D%20x%5Bn%5D%20e%5E%7B-i%5Comega%20t%7D$ HTTP/1.1" 200 2150 "-" "Mozilla/5.0 (Macintosh; Intel Mac OS X 10_7_5) AppleWebKit/536.26.14 (KHTML, like Gecko) Version/6.0.1 Safari/536.26.14"
158.130.153.131 - - [08/Sep/2013:00:10:09 -0700] "GET /tex/$%5C%5Csum_%7Bi=-%5C%5Cinfty%7D%5E%7B%5C%5Cinfty%7D%20x%5Bn%5D%20e%5E%7B-i%5C%5Comega%20t%7D$ HTTP/1.1" 200 4277 "-" "Mozilla/5.0 (Macintosh; Intel Mac OS X 10_7_5) AppleWebKit/536.26.14 (KHTML, like Gecko) Version/6.0.1 Safari/536.26.14"
54.224.187.97 - - [08/Sep/2013:00:10:29 -0700] "GET /tex/$LaTeX$.png HTTP/1.1" 200 1199 "-" "Camo Asset Proxy 1.1.2"
54.224.187.97 - - [08/Sep/2013:00:14:31 -0700] "GET /graph/x%5E2 HTTP/1.1" 200 10299 "-" "Camo Asset Proxy 1.1.2"
54.224.187.97 - - [08/Sep/2013:00:14:31 -0700] "GET /tex/$%5Csum_%7Bi=-%5Cinfty%7D%5E%7B%5Cinfty%7D%20x%5Bn%5D%20e%5E%7B-i%5Comega%20t%7D$ HTTP/1.1" 200 2150 "-" "Camo Asset Proxy 1.1.2"
204.236.192.191 - - [08/Sep/2013:00:14:32 -0700] "GET /graph/x%5E2,xmin=-5,xmax=+5,ymin=0,xlabel=label HTTP/1.1" 200 13760 "-" "Camo Asset Proxy 1.1.2"
158.130.156.168 - - [08/Sep/2013:00:22:20 -0700] "GET / HTTP/1.1" 200 696 "-" "Mozilla/5.0 (Macintosh; Intel Mac OS X 10_8_4) AppleWebKit/537.36 (KHTML, like Gecko) Chrome/31.0.1624.0 Safari/537.36"
158.130.156.168 - - [08/Sep/2013:00:22:20 -0700] "GET /js/bootstrap.min.js HTTP/1.1" 200 25779 "http://tex.sh/" "Mozilla/5.0 (Macintosh; Intel Mac OS X 10_8_4) AppleWebKit/537.36 (KHTML, like Gecko) Chrome/31.0.1624.0 Safari/537.36"
158.130.156.168 - - [08/Sep/2013:00:22:20 -0700] "GET /js/main.js HTTP/1.1" 200 364 "http://tex.sh/" "Mozilla/5.0 (Macintosh; Intel Mac OS X 10_8_4) AppleWebKit/537.36 (KHTML, like Gecko) Chrome/31.0.1624.0 Safari/537.36"
158.130.156.168 - - [08/Sep/2013:00:22:20 -0700] "GET /js/jquery.min.js HTTP/1.1" 200 83712 "http://tex.sh/" "Mozilla/5.0 (Macintosh; Intel Mac OS X 10_8_4) AppleWebKit/537.36 (KHTML, like Gecko) Chrome/31.0.1624.0 Safari/537.36"
158.130.156.168 - - [08/Sep/2013:00:22:21 -0700] "GET /css/bootstrap.min.css HTTP/1.1" 200 101358 "http://tex.sh/" "Mozilla/5.0 (Macintosh; Intel Mac OS X 10_8_4) AppleWebKit/537.36 (KHTML, like Gecko) Chrome/31.0.1624.0 Safari/537.36"
158.130.156.168 - - [08/Sep/2013:00:22:46 -0700] "GET /tex/$/frac%7B1%7D%7B2%7D$.png HTTP/1.1" 200 551 "http://tex.sh/" "Mozilla/5.0 (Macintosh; Intel Mac OS X 10_8_4) AppleWebKit/537.36 (KHTML, like Gecko) Chrome/31.0.1624.0 Safari/537.36"
158.130.156.168 - - [08/Sep/2013:00:23:06 -0700] "GET /tex/$/frac%7B1%7D%7B2%7D$.png HTTP/1.1" 200 551 "http://tex.sh/" "Mozilla/5.0 (Macintosh; Intel Mac OS X 10_8_4) AppleWebKit/537.36 (KHTML, like Gecko) Chrome/31.0.1624.0 Safari/537.36"
158.130.156.168 - - [08/Sep/2013:00:25:56 -0700] "GET /graph/x^2 HTTP/1.1" 200 10299 "-" "Mozilla/5.0 (Macintosh; Intel Mac OS X 10_8_4) AppleWebKit/536.30.1 (KHTML, like Gecko)"
158.130.156.168 - - [08/Sep/2013:00:25:58 -0700] "GET /graph/x^2,xmin=-5,xmax=+5,ymin=0,xlabel=label HTTP/1.1" 200 13760 "-" "Mozilla/5.0 (Macintosh; Intel Mac OS X 10_8_4) AppleWebKit/536.30.1 (KHTML, like Gecko)"
158.130.156.168 - - [08/Sep/2013:00:25:58 -0700] "GET /tex/$/LaTeX$.png HTTP/1.1" 200 11927 "-" "Mozilla/5.0 (Macintosh; Intel Mac OS X 10_8_4) AppleWebKit/536.30.1 (KHTML, like Gecko)"
158.130.156.168 - - [08/Sep/2013:00:25:59 -0700] "GET /tex/$/sum_{i=-/infty}^{/infty}%20x[n]%20e^{-i/omega%20t}$ HTTP/1.1" 200 923 "-" "Mozilla/5.0 (Macintosh; Intel Mac OS X 10_8_4) AppleWebKit/536.30.1 (KHTML, like Gecko)"
158.130.156.168 - - [08/Sep/2013:00:26:14 -0700] "GET /tex/$/LaTeX$.png HTTP/1.1" 200 11927 "-" "Mozilla/5.0 (Macintosh; Intel Mac OS X 10_8_4) AppleWebKit/536.30.1 (KHTML, like Gecko)"
158.130.156.168 - - [08/Sep/2013:00:26:14 -0700] "GET /graph/x^2 HTTP/1.1" 200 10299 "-" "Mozilla/5.0 (Macintosh; Intel Mac OS X 10_8_4) AppleWebKit/536.30.1 (KHTML, like Gecko)"
158.130.156.168 - - [08/Sep/2013:00:26:14 -0700] "GET /graph/x^2,xmin=-5,xmax=+5,ymin=0,xlabel=label HTTP/1.1" 200 13760 "-" "Mozilla/5.0 (Macintosh; Intel Mac OS X 10_8_4) AppleWebKit/536.30.1 (KHTML, like Gecko)"
158.130.156.168 - - [08/Sep/2013:00:26:14 -0700] "GET /tex/$/sum_{i=-/infty}^{/infty}%20x[n]%20e^{-i/omega%20t}$ HTTP/1.1" 200 923 "-" "Mozilla/5.0 (Macintosh; Intel Mac OS X 10_8_4) AppleWebKit/536.30.1 (KHTML, like Gecko)"
158.130.156.168 - - [08/Sep/2013:00:26:22 -0700] "GET /graph/x^2,xmin=-5,xmax=+5,ymin=0,xlabel=label HTTP/1.1" 200 13760 "-" "Mozilla/5.0 (Macintosh; Intel Mac OS X 10_8_4) AppleWebKit/536.30.1 (KHTML, like Gecko)"
158.130.156.168 - - [08/Sep/2013:00:26:22 -0700] "GET /tex/$/sum_{i=-/infty}^{/infty}%20x[n]%20e^{-i/omega%20t}$ HTTP/1.1" 200 923 "-" "Mozilla/5.0 (Macintosh; Intel Mac OS X 10_8_4) AppleWebKit/536.30.1 (KHTML, like Gecko)"
158.130.156.168 - - [08/Sep/2013:00:26:22 -0700] "GET /graph/x^2 HTTP/1.1" 200 10299 "-" "Mozilla/5.0 (Macintosh; Intel Mac OS X 10_8_4) AppleWebKit/536.30.1 (KHTML, like Gecko)"
158.130.156.168 - - [08/Sep/2013:00:26:23 -0700] "GET /tex/$/LaTeX$.png HTTP/1.1" 200 11927 "-" "Mozilla/5.0 (Macintosh; Intel Mac OS X 10_8_4) AppleWebKit/536.30.1 (KHTML, like Gecko)"
158.130.156.168 - - [08/Sep/2013:00:26:27 -0700] "GET /graph/x^2,xmin=-5,xmax=+5,ymin=0,xlabel=label HTTP/1.1" 200 13760 "-" "Mozilla/5.0 (Macintosh; Intel Mac OS X 10_8_4) AppleWebKit/536.30.1 (KHTML, like Gecko)"
158.130.156.168 - - [08/Sep/2013:00:26:27 -0700] "GET /tex/$/sum_{i=-/infty}^{/infty}%20x[n]%20e^{-i/omega%20t}$ HTTP/1.1" 200 923 "-" "Mozilla/5.0 (Macintosh; Intel Mac OS X 10_8_4) AppleWebKit/536.30.1 (KHTML, like Gecko)"
158.130.156.168 - - [08/Sep/2013:00:26:27 -0700] "GET /graph/x^2 HTTP/1.1" 200 10299 "-" "Mozilla/5.0 (Macintosh; Intel Mac OS X 10_8_4) AppleWebKit/536.30.1 (KHTML, like Gecko)"
158.130.156.168 - - [08/Sep/2013:00:26:27 -0700] "GET /tex/$/LaTeX$.png HTTP/1.1" 200 11927 "-" "Mozilla/5.0 (Macintosh; Intel Mac OS X 10_8_4) AppleWebKit/536.30.1 (KHTML, like Gecko)"
158.130.156.168 - - [08/Sep/2013:00:30:04 -0700] "GET /tex/$/sum_{i=-/infty}^{/infty}%20x[n]%20e^{-i/omega%20t}$ HTTP/1.1" 200 923 "-" "Mozilla/5.0 (Macintosh; Intel Mac OS X 10_8_4) AppleWebKit/536.30.1 (KHTML, like Gecko)"
158.130.156.168 - - [08/Sep/2013:00:30:04 -0700] "GET /graph/x^2,xmin=-5,xmax=+5,ymin=0,xlabel=label HTTP/1.1" 200 13760 "-" "Mozilla/5.0 (Macintosh; Intel Mac OS X 10_8_4) AppleWebKit/536.30.1 (KHTML, like Gecko)"
158.130.156.168 - - [08/Sep/2013:00:30:04 -0700] "GET /tex/$/LaTeX$.png HTTP/1.1" 200 11927 "-" "Mozilla/5.0 (Macintosh; Intel Mac OS X 10_8_4) AppleWebKit/536.30.1 (KHTML, like Gecko)"
158.130.156.168 - - [08/Sep/2013:00:30:04 -0700] "GET /graph/x^2 HTTP/1.1" 200 10299 "-" "Mozilla/5.0 (Macintosh; Intel Mac OS X 10_8_4) AppleWebKit/536.30.1 (KHTML, like Gecko)"
158.130.156.168 - - [08/Sep/2013:00:34:39 -0700] "GET /graph/x^2,xmin=-5,xmax=+5,ymin=0,xlabel=label HTTP/1.1" 200 4133 "-" "Mozilla/5.0 (Macintosh; Intel Mac OS X 10_8_4) AppleWebKit/536.30.1 (KHTML, like Gecko)"
158.130.156.168 - - [08/Sep/2013:00:34:39 -0700] "GET /tex/$/LaTeX$.png HTTP/1.1" 200 11927 "-" "Mozilla/5.0 (Macintosh; Intel Mac OS X 10_8_4) AppleWebKit/536.30.1 (KHTML, like Gecko)"
158.130.156.168 - - [08/Sep/2013:00:34:40 -0700] "GET /tex/$/sum_{i=-/infty}^{/infty}%20x[n]%20e^{-i/omega%20t}$ HTTP/1.1" 200 872 "-" "Mozilla/5.0 (Macintosh; Intel Mac OS X 10_8_4) AppleWebKit/536.30.1 (KHTML, like Gecko)"
158.130.156.168 - - [08/Sep/2013:00:34:41 -0700] "GET /graph/x^2 HTTP/1.1" 200 3022 "-" "Mozilla/5.0 (Macintosh; Intel Mac OS X 10_8_4) AppleWebKit/536.30.1 (KHTML, like Gecko)"
158.130.156.168 - - [08/Sep/2013:00:35:09 -0700] "GET /graph/x^2 HTTP/1.1" 200 3022 "-" "Mozilla/5.0 (Macintosh; Intel Mac OS X 10_8_4) AppleWebKit/536.30.1 (KHTML, like Gecko)"
158.130.156.168 - - [08/Sep/2013:00:35:09 -0700] "GET /tex/$/sum_{i=-/infty}^{/infty}%20x[n]%20e^{-i/omega%20t}$ HTTP/1.1" 200 872 "-" "Mozilla/5.0 (Macintosh; Intel Mac OS X 10_8_4) AppleWebKit/536.30.1 (KHTML, like Gecko)"
158.130.156.168 - - [08/Sep/2013:00:35:10 -0700] "GET /tex/$/LaTeX$.png HTTP/1.1" 200 11927 "-" "Mozilla/5.0 (Macintosh; Intel Mac OS X 10_8_4) AppleWebKit/536.30.1 (KHTML, like Gecko)"
158.130.156.168 - - [08/Sep/2013:00:35:10 -0700] "GET /graph/x^2,xmin=-5,xmax=+5,ymin=0,xlabel=label HTTP/1.1" 200 4133 "-" "Mozilla/5.0 (Macintosh; Intel Mac OS X 10_8_4) AppleWebKit/536.30.1 (KHTML, like Gecko)"
158.130.156.168 - - [08/Sep/2013:00:35:12 -0700] "GET /graph/x^2 HTTP/1.1" 200 3022 "-" "Mozilla/5.0 (Macintosh; Intel Mac OS X 10_8_4) AppleWebKit/536.30.1 (KHTML, like Gecko)"
158.130.156.168 - - [08/Sep/2013:00:35:12 -0700] "GET /tex/$/sum_{i=-/infty}^{/infty}%20x[n]%20e^{-i/omega%20t}$ HTTP/1.1" 200 872 "-" "Mozilla/5.0 (Macintosh; Intel Mac OS X 10_8_4) AppleWebKit/536.30.1 (KHTML, like Gecko)"
158.130.156.168 - - [08/Sep/2013:00:35:12 -0700] "GET /graph/x^2,xmin=-5,xmax=+5,ymin=0,xlabel=label HTTP/1.1" 200 4133 "-" "Mozilla/5.0 (Macintosh; Intel Mac OS X 10_8_4) AppleWebKit/536.30.1 (KHTML, like Gecko)"
158.130.156.168 - - [08/Sep/2013:00:35:12 -0700] "GET /tex/$/LaTeX$.png HTTP/1.1" 200 11927 "-" "Mozilla/5.0 (Macintosh; Intel Mac OS X 10_8_4) AppleWebKit/536.30.1 (KHTML, like Gecko)"
158.130.156.168 - - [08/Sep/2013:00:35:20 -0700] "GET /$/LaTeX$.png HTTP/1.1" 200 11927 "-" "Mozilla/5.0 (Macintosh; Intel Mac OS X 10_8_4) AppleWebKit/536.30.1 (KHTML, like Gecko)"
158.130.156.168 - - [08/Sep/2013:00:35:20 -0700] "GET /graph/x^2 HTTP/1.1" 200 3022 "-" "Mozilla/5.0 (Macintosh; Intel Mac OS X 10_8_4) AppleWebKit/536.30.1 (KHTML, like Gecko)"
158.130.156.168 - - [08/Sep/2013:00:35:20 -0700] "GET /graph/x^2,xmin=-5,xmax=+5,ymin=0,xlabel=label HTTP/1.1" 200 4133 "-" "Mozilla/5.0 (Macintosh; Intel Mac OS X 10_8_4) AppleWebKit/536.30.1 (KHTML, like Gecko)"
158.130.156.168 - - [08/Sep/2013:00:35:20 -0700] "GET /tex/$/sum_{i=-/infty}^{/infty}%20x[n]%20e^{-i/omega%20t}$ HTTP/1.1" 200 872 "-" "Mozilla/5.0 (Macintosh; Intel Mac OS X 10_8_4) AppleWebKit/536.30.1 (KHTML, like Gecko)"
158.130.156.168 - - [08/Sep/2013:00:35:22 -0700] "GET /tex/$/sum_{i=-/infty}^{/infty}%20x[n]%20e^{-i/omega%20t}$ HTTP/1.1" 200 872 "-" "Mozilla/5.0 (Macintosh; Intel Mac OS X 10_8_4) AppleWebKit/536.30.1 (KHTML, like Gecko)"
158.130.156.168 - - [08/Sep/2013:00:35:22 -0700] "GET /$/LaTeX$ HTTP/1.1" 200 11927 "-" "Mozilla/5.0 (Macintosh; Intel Mac OS X 10_8_4) AppleWebKit/536.30.1 (KHTML, like Gecko)"
158.130.156.168 - - [08/Sep/2013:00:35:22 -0700] "GET /graph/x^2 HTTP/1.1" 200 3022 "-" "Mozilla/5.0 (Macintosh; Intel Mac OS X 10_8_4) AppleWebKit/536.30.1 (KHTML, like Gecko)"
158.130.156.168 - - [08/Sep/2013:00:35:22 -0700] "GET /graph/x^2,xmin=-5,xmax=+5,ymin=0,xlabel=label HTTP/1.1" 200 4133 "-" "Mozilla/5.0 (Macintosh; Intel Mac OS X 10_8_4) AppleWebKit/536.30.1 (KHTML, like Gecko)"
158.130.156.168 - - [08/Sep/2013:00:35:25 -0700] "GET /graph/x^2 HTTP/1.1" 200 3022 "-" "Mozilla/5.0 (Macintosh; Intel Mac OS X 10_8_4) AppleWebKit/536.30.1 (KHTML, like Gecko)"
158.130.156.168 - - [08/Sep/2013:00:35:25 -0700] "GET /tex/$/sum_{i=-/infty}^{/infty}%20x[n]%20e^{-i/omega%20t}$ HTTP/1.1" 200 872 "-" "Mozilla/5.0 (Macintosh; Intel Mac OS X 10_8_4) AppleWebKit/536.30.1 (KHTML, like Gecko)"
158.130.156.168 - - [08/Sep/2013:00:35:25 -0700] "GET /graph/x^2,xmin=-5,xmax=+5,ymin=0,xlabel=label HTTP/1.1" 200 4133 "-" "Mozilla/5.0 (Macintosh; Intel Mac OS X 10_8_4) AppleWebKit/536.30.1 (KHTML, like Gecko)"
158.130.156.168 - - [08/Sep/2013:00:35:25 -0700] "GET /$/LaTeX$.png HTTP/1.1" 200 11927 "-" "Mozilla/5.0 (Macintosh; Intel Mac OS X 10_8_4) AppleWebKit/536.30.1 (KHTML, like Gecko)"
158.130.156.168 - - [08/Sep/2013:00:35:27 -0700] "GET /graph/x^2 HTTP/1.1" 200 3022 "-" "Mozilla/5.0 (Macintosh; Intel Mac OS X 10_8_4) AppleWebKit/536.30.1 (KHTML, like Gecko)"
158.130.156.168 - - [08/Sep/2013:00:35:27 -0700] "GET /graph/x^2,xmin=-5,xmax=+5,ymin=0,xlabel=label HTTP/1.1" 200 4133 "-" "Mozilla/5.0 (Macintosh; Intel Mac OS X 10_8_4) AppleWebKit/536.30.1 (KHTML, like Gecko)"
158.130.156.168 - - [08/Sep/2013:00:35:27 -0700] "GET //LaTeX$.png HTTP/1.1" 200 604 "-" "Mozilla/5.0 (Macintosh; Intel Mac OS X 10_8_4) AppleWebKit/536.30.1 (KHTML, like Gecko)"
158.130.156.168 - - [08/Sep/2013:00:35:27 -0700] "GET /tex/$/sum_{i=-/infty}^{/infty}%20x[n]%20e^{-i/omega%20t}$ HTTP/1.1" 200 872 "-" "Mozilla/5.0 (Macintosh; Intel Mac OS X 10_8_4) AppleWebKit/536.30.1 (KHTML, like Gecko)"
158.130.156.168 - - [08/Sep/2013:00:35:34 -0700] "GET /graph/x^2,xmin=-5,xmax=+5,ymin=0,xlabel=label HTTP/1.1" 200 4133 "-" "Mozilla/5.0 (Macintosh; Intel Mac OS X 10_8_4) AppleWebKit/536.30.1 (KHTML, like Gecko)"
158.130.156.168 - - [08/Sep/2013:00:35:34 -0700] "GET //LaTeX.png HTTP/1.1" 200 604 "-" "Mozilla/5.0 (Macintosh; Intel Mac OS X 10_8_4) AppleWebKit/536.30.1 (KHTML, like Gecko)"
158.130.156.168 - - [08/Sep/2013:00:35:34 -0700] "GET /graph/x^2 HTTP/1.1" 200 3022 "-" "Mozilla/5.0 (Macintosh; Intel Mac OS X 10_8_4) AppleWebKit/536.30.1 (KHTML, like Gecko)"
158.130.156.168 - - [08/Sep/2013:00:35:34 -0700] "GET /tex/$/sum_{i=-/infty}^{/infty}%20x[n]%20e^{-i/omega%20t}$ HTTP/1.1" 200 872 "-" "Mozilla/5.0 (Macintosh; Intel Mac OS X 10_8_4) AppleWebKit/536.30.1 (KHTML, like Gecko)"
158.130.152.138 - - [08/Sep/2013:00:36:06 -0700] "GET /tex/$%5Cfrac%7B2%7D%7B3%7D$.png HTTP/1.1" 200 434 "-" "Mozilla/5.0 (X11; Ubuntu; Linux x86_64; rv:23.0) Gecko/20100101 Firefox/23.0"
158.130.152.138 - - [08/Sep/2013:00:36:27 -0700] "GET /tex/$%5Cfrac%7B2%7D%7B3%7D$.png HTTP/1.1" 200 434 "-" "Mozilla/5.0 (X11; Ubuntu; Linux x86_64; rv:23.0) Gecko/20100101 Firefox/23.0"
158.130.156.168 - - [08/Sep/2013:00:36:34 -0700] "GET /4/LaTeX.png HTTP/1.1" 200 11927 "-" "Mozilla/5.0 (Macintosh; Intel Mac OS X 10_8_4) AppleWebKit/536.30.1 (KHTML, like Gecko)"
158.130.156.168 - - [08/Sep/2013:00:36:34 -0700] "GET /tex/$/sum_{i=-/infty}^{/infty}%20x[n]%20e^{-i/omega%20t}$ HTTP/1.1" 200 872 "-" "Mozilla/5.0 (Macintosh; Intel Mac OS X 10_8_4) AppleWebKit/536.30.1 (KHTML, like Gecko)"
158.130.156.168 - - [08/Sep/2013:00:36:34 -0700] "GET /graph/x^2,xmin=-5,xmax=+5,ymin=0,xlabel=label HTTP/1.1" 200 4133 "-" "Mozilla/5.0 (Macintosh; Intel Mac OS X 10_8_4) AppleWebKit/536.30.1 (KHTML, like Gecko)"
158.130.156.168 - - [08/Sep/2013:00:36:34 -0700] "GET /graph/x^2 HTTP/1.1" 200 3022 "-" "Mozilla/5.0 (Macintosh; Intel Mac OS X 10_8_4) AppleWebKit/536.30.1 (KHTML, like Gecko)"
158.130.156.168 - - [08/Sep/2013:00:36:35 -0700] "GET /tex/$/sum_{i=-/infty}^{/infty}%20x[n]%20e^{-i/omega%20t}$ HTTP/1.1" 200 872 "-" "Mozilla/5.0 (Macintosh; Intel Mac OS X 10_8_4) AppleWebKit/536.30.1 (KHTML, like Gecko)"
158.130.156.168 - - [08/Sep/2013:00:36:35 -0700] "GET /graph/x^2 HTTP/1.1" 200 3022 "-" "Mozilla/5.0 (Macintosh; Intel Mac OS X 10_8_4) AppleWebKit/536.30.1 (KHTML, like Gecko)"
158.130.156.168 - - [08/Sep/2013:00:36:35 -0700] "GET /graph/x^2,xmin=-5,xmax=+5,ymin=0,xlabel=label HTTP/1.1" 200 4133 "-" "Mozilla/5.0 (Macintosh; Intel Mac OS X 10_8_4) AppleWebKit/536.30.1 (KHTML, like Gecko)"
158.130.156.168 - - [08/Sep/2013:00:36:35 -0700] "GET //LaTeX.png HTTP/1.1" 200 604 "-" "Mozilla/5.0 (Macintosh; Intel Mac OS X 10_8_4) AppleWebKit/536.30.1 (KHTML, like Gecko)"
158.130.156.168 - - [08/Sep/2013:00:36:36 -0700] "GET /$/LaTeX.png HTTP/1.1" 200 11927 "-" "Mozilla/5.0 (Macintosh; Intel Mac OS X 10_8_4) AppleWebKit/536.30.1 (KHTML, like Gecko)"
158.130.156.168 - - [08/Sep/2013:00:36:36 -0700] "GET /graph/x^2 HTTP/1.1" 200 3022 "-" "Mozilla/5.0 (Macintosh; Intel Mac OS X 10_8_4) AppleWebKit/536.30.1 (KHTML, like Gecko)"
158.130.156.168 - - [08/Sep/2013:00:36:36 -0700] "GET /graph/x^2,xmin=-5,xmax=+5,ymin=0,xlabel=label HTTP/1.1" 200 4133 "-" "Mozilla/5.0 (Macintosh; Intel Mac OS X 10_8_4) AppleWebKit/536.30.1 (KHTML, like Gecko)"
158.130.156.168 - - [08/Sep/2013:00:36:36 -0700] "GET /tex/$/sum_{i=-/infty}^{/infty}%20x[n]%20e^{-i/omega%20t}$ HTTP/1.1" 200 872 "-" "Mozilla/5.0 (Macintosh; Intel Mac OS X 10_8_4) AppleWebKit/536.30.1 (KHTML, like Gecko)"
158.130.156.168 - - [08/Sep/2013:00:36:41 -0700] "GET /tex/$/sum_{i=-/infty}^{/infty}%20x[n]%20e^{-i/omega%20t}$ HTTP/1.1" 200 872 "-" "Mozilla/5.0 (Macintosh; Intel Mac OS X 10_8_4) AppleWebKit/536.30.1 (KHTML, like Gecko)"
158.130.156.168 - - [08/Sep/2013:00:36:41 -0700] "GET /graph/x^2 HTTP/1.1" 200 3022 "-" "Mozilla/5.0 (Macintosh; Intel Mac OS X 10_8_4) AppleWebKit/536.30.1 (KHTML, like Gecko)"
158.130.156.168 - - [08/Sep/2013:00:36:41 -0700] "GET /graph/x^2,xmin=-5,xmax=+5,ymin=0,xlabel=label HTTP/1.1" 200 4133 "-" "Mozilla/5.0 (Macintosh; Intel Mac OS X 10_8_4) AppleWebKit/536.30.1 (KHTML, like Gecko)"
158.130.156.168 - - [08/Sep/2013:00:36:41 -0700] "GET /$/LaTeX$.png HTTP/1.1" 200 11927 "-" "Mozilla/5.0 (Macintosh; Intel Mac OS X 10_8_4) AppleWebKit/536.30.1 (KHTML, like Gecko)"
158.130.152.138 - - [08/Sep/2013:00:36:42 -0700] "GET /tex/$%5Clatex$.png HTTP/1.1" 200 11927 "-" "Mozilla/5.0 (X11; Ubuntu; Linux x86_64; rv:23.0) Gecko/20100101 Firefox/23.0"
158.130.152.138 - - [08/Sep/2013:00:36:47 -0700] "GET /tex/%5Clatex.png HTTP/1.1" 200 11927 "-" "Mozilla/5.0 (X11; Ubuntu; Linux x86_64; rv:23.0) Gecko/20100101 Firefox/23.0"
158.130.156.168 - - [08/Sep/2013:00:36:52 -0700] "GET /tex/$/sum_{i=-/infty}^{/infty}%20x[n]%20e^{-i/omega%20t}$ HTTP/1.1" 200 872 "-" "Mozilla/5.0 (Macintosh; Intel Mac OS X 10_8_4) AppleWebKit/536.30.1 (KHTML, like Gecko)"
158.130.156.168 - - [08/Sep/2013:00:36:52 -0700] "GET /graph/x^2 HTTP/1.1" 200 3022 "-" "Mozilla/5.0 (Macintosh; Intel Mac OS X 10_8_4) AppleWebKit/536.30.1 (KHTML, like Gecko)"
158.130.156.168 - - [08/Sep/2013:00:36:52 -0700] "GET /graph/x^2,xmin=-5,xmax=+5,ymin=0,xlabel=label HTTP/1.1" 200 4133 "-" "Mozilla/5.0 (Macintosh; Intel Mac OS X 10_8_4) AppleWebKit/536.30.1 (KHTML, like Gecko)"
158.130.156.168 - - [08/Sep/2013:00:36:52 -0700] "GET //LaTeX.png HTTP/1.1" 200 604 "-" "Mozilla/5.0 (Macintosh; Intel Mac OS X 10_8_4) AppleWebKit/536.30.1 (KHTML, like Gecko)"
158.130.152.138 - - [08/Sep/2013:00:36:57 -0700] "GET /tex/%5CLaTeX.png HTTP/1.1" 200 11927 "-" "Mozilla/5.0 (X11; Ubuntu; Linux x86_64; rv:23.0) Gecko/20100101 Firefox/23.0"
158.130.156.168 - - [08/Sep/2013:00:37:00 -0700] "GET /tex/$/sum_{i=-/infty}^{/infty}%20x[n]%20e^{-i/omega%20t}$ HTTP/1.1" 200 872 "-" "Mozilla/5.0 (Macintosh; Intel Mac OS X 10_8_4) AppleWebKit/536.30.1 (KHTML, like Gecko)"
158.130.156.168 - - [08/Sep/2013:00:37:01 -0700] "GET /$.png HTTP/1.1" 200 11927 "-" "Mozilla/5.0 (Macintosh; Intel Mac OS X 10_8_4) AppleWebKit/536.30.1 (KHTML, like Gecko)"
158.130.156.168 - - [08/Sep/2013:00:37:01 -0700] "GET /graph/x^2,xmin=-5,xmax=+5,ymin=0,xlabel=label HTTP/1.1" 200 4133 "-" "Mozilla/5.0 (Macintosh; Intel Mac OS X 10_8_4) AppleWebKit/536.30.1 (KHTML, like Gecko)"
158.130.156.168 - - [08/Sep/2013:00:37:01 -0700] "GET /graph/x^2 HTTP/1.1" 200 3022 "-" "Mozilla/5.0 (Macintosh; Intel Mac OS X 10_8_4) AppleWebKit/536.30.1 (KHTML, like Gecko)"
158.130.156.168 - - [08/Sep/2013:00:37:02 -0700] "GET /tex/$/sum_{i=-/infty}^{/infty}%20x[n]%20e^{-i/omega%20t}$ HTTP/1.1" 200 872 "-" "Mozilla/5.0 (Macintosh; Intel Mac OS X 10_8_4) AppleWebKit/536.30.1 (KHTML, like Gecko)"
158.130.156.168 - - [08/Sep/2013:00:37:02 -0700] "GET /graph/x^2 HTTP/1.1" 200 3022 "-" "Mozilla/5.0 (Macintosh; Intel Mac OS X 10_8_4) AppleWebKit/536.30.1 (KHTML, like Gecko)"
158.130.156.168 - - [08/Sep/2013:00:37:02 -0700] "GET /$/latexx.png HTTP/1.1" 200 11927 "-" "Mozilla/5.0 (Macintosh; Intel Mac OS X 10_8_4) AppleWebKit/536.30.1 (KHTML, like Gecko)"
158.130.156.168 - - [08/Sep/2013:00:37:02 -0700] "GET /graph/x^2,xmin=-5,xmax=+5,ymin=0,xlabel=label HTTP/1.1" 200 4133 "-" "Mozilla/5.0 (Macintosh; Intel Mac OS X 10_8_4) AppleWebKit/536.30.1 (KHTML, like Gecko)"
158.130.156.168 - - [08/Sep/2013:00:37:03 -0700] "GET /graph/x^2 HTTP/1.1" 200 3022 "-" "Mozilla/5.0 (Macintosh; Intel Mac OS X 10_8_4) AppleWebKit/536.30.1 (KHTML, like Gecko)"
158.130.156.168 - - [08/Sep/2013:00:37:03 -0700] "GET /$/latex.png HTTP/1.1" 200 11927 "-" "Mozilla/5.0 (Macintosh; Intel Mac OS X 10_8_4) AppleWebKit/536.30.1 (KHTML, like Gecko)"
158.130.156.168 - - [08/Sep/2013:00:37:03 -0700] "GET /graph/x^2,xmin=-5,xmax=+5,ymin=0,xlabel=label HTTP/1.1" 200 4133 "-" "Mozilla/5.0 (Macintosh; Intel Mac OS X 10_8_4) AppleWebKit/536.30.1 (KHTML, like Gecko)"
158.130.156.168 - - [08/Sep/2013:00:37:03 -0700] "GET /tex/$/sum_{i=-/infty}^{/infty}%20x[n]%20e^{-i/omega%20t}$ HTTP/1.1" 200 872 "-" "Mozilla/5.0 (Macintosh; Intel Mac OS X 10_8_4) AppleWebKit/536.30.1 (KHTML, like Gecko)"
158.130.156.168 - - [08/Sep/2013:00:37:03 -0700] "GET /$/latex$.png HTTP/1.1" 200 11927 "-" "Mozilla/5.0 (Macintosh; Intel Mac OS X 10_8_4) AppleWebKit/536.30.1 (KHTML, like Gecko)"
158.130.156.168 - - [08/Sep/2013:00:37:03 -0700] "GET /graph/x^2 HTTP/1.1" 200 3022 "-" "Mozilla/5.0 (Macintosh; Intel Mac OS X 10_8_4) AppleWebKit/536.30.1 (KHTML, like Gecko)"
158.130.156.168 - - [08/Sep/2013:00:37:03 -0700] "GET /graph/x^2,xmin=-5,xmax=+5,ymin=0,xlabel=label HTTP/1.1" 200 4133 "-" "Mozilla/5.0 (Macintosh; Intel Mac OS X 10_8_4) AppleWebKit/536.30.1 (KHTML, like Gecko)"
158.130.156.168 - - [08/Sep/2013:00:37:03 -0700] "GET /tex/$/sum_{i=-/infty}^{/infty}%20x[n]%20e^{-i/omega%20t}$ HTTP/1.1" 200 872 "-" "Mozilla/5.0 (Macintosh; Intel Mac OS X 10_8_4) AppleWebKit/536.30.1 (KHTML, like Gecko)"
158.130.152.138 - - [08/Sep/2013:00:37:05 -0700] "GET /tex/$%5Clatex$.png HTTP/1.1" 200 11927 "-" "Mozilla/5.0 (X11; Ubuntu; Linux x86_64; rv:23.0) Gecko/20100101 Firefox/23.0"
158.130.152.138 - - [08/Sep/2013:00:37:08 -0700] "GET /tex/$latex$.png HTTP/1.1" 200 530 "-" "Mozilla/5.0 (X11; Ubuntu; Linux x86_64; rv:23.0) Gecko/20100101 Firefox/23.0"
158.130.152.138 - - [08/Sep/2013:00:37:14 -0700] "GET /tex/$LaTeX$.png HTTP/1.1" 200 604 "-" "Mozilla/5.0 (X11; Ubuntu; Linux x86_64; rv:23.0) Gecko/20100101 Firefox/23.0"
128.91.128.167 - - [08/Sep/2013:00:37:24 -0700] "HEAD /tex/$LaTeX$.png HTTP/1.1" 200 0 "-" "LimeChat/2.37 CFNetwork/596.4.3 Darwin/12.4.0 (x86_64) (MacBookPro10%2C1)"
158.130.159.113 - - [08/Sep/2013:00:37:24 -0700] "HEAD /tex/$LaTeX$.png HTTP/1.1" 200 0 "-" "Textual/3.2.0 CFNetwork/673.0.2 Darwin/13.0.0 (x86_64) (MacBookAir5%2C2)"
158.130.159.113 - - [08/Sep/2013:00:37:24 -0700] "GET /tex/$LaTeX$.png HTTP/1.1" 200 604 "-" "Mozilla/5.0 (Macintosh; Intel Mac OS X 10_9) AppleWebKit/537.66 (KHTML, like Gecko)"
158.130.107.202 - - [08/Sep/2013:00:37:24 -0700] "HEAD /tex/$LaTeX$.png HTTP/1.1" 200 0 "-" "LimeChat/2.37 CFNetwork/596.4.3 Darwin/12.4.0 (x86_64) (MacBookPro8%2C2)"
158.130.153.137 - - [08/Sep/2013:00:37:24 -0700] "HEAD /tex/$LaTeX$.png HTTP/1.1" 200 0 "-" "LimeChat/2.37 CFNetwork/596.3.3 Darwin/12.3.0 (x86_64) (MacBookPro8%2C2)"
64.134.69.134 - - [08/Sep/2013:00:37:24 -0700] "GET /tex/$LaTeX$.png HTTP/1.1" 200 604 "-" "Textual/3.2.1 CFNetwork/673.0.2 Darwin/13.0.0 (x86_64) (MacBookPro10%2C1)"
64.134.69.134 - - [08/Sep/2013:00:37:24 -0700] "GET /tex/$LaTeX$.png HTTP/1.1" 200 604 "-" "Mozilla/5.0 (Macintosh; Intel Mac OS X 10_9) AppleWebKit/537.66 (KHTML, like Gecko)"
128.91.128.167 - - [08/Sep/2013:00:37:24 -0700] "GET /tex/$LaTeX$.png HTTP/1.1" 200 604 "-" "Mozilla/5.0 (Macintosh; Intel Mac OS X 10_8_4) AppleWebKit/536.30.1 (KHTML, like Gecko)"
158.130.158.137 - - [08/Sep/2013:00:37:24 -0700] "GET /tex/$LaTeX$.png HTTP/1.1" 200 604 "-" "Mozilla/5.0 (Macintosh; Intel Mac OS X 10_8_3) AppleWebKit/536.28.10 (KHTML, like Gecko)"
158.130.153.137 - - [08/Sep/2013:00:37:24 -0700] "GET /tex/$LaTeX$.png HTTP/1.1" 200 604 "-" "Mozilla/5.0 (Macintosh; Intel Mac OS X 10_8_3) AppleWebKit/536.28.10 (KHTML, like Gecko)"
158.130.107.202 - - [08/Sep/2013:00:37:24 -0700] "GET /tex/$LaTeX$.png HTTP/1.1" 200 604 "-" "Mozilla/5.0 (Macintosh; Intel Mac OS X 10_8_4) AppleWebKit/536.30.1 (KHTML, like Gecko)"
158.130.152.124 - - [08/Sep/2013:00:37:27 -0700] "GET /tex/$LaTeX$.png HTTP/1.1" 200 604 "http://webchat.freenode.net/" "Mozilla/5.0 (Windows NT 6.1; WOW64) AppleWebKit/537.36 (KHTML, like Gecko) Chrome/29.0.1547.66 Safari/537.36"
158.130.153.83 - - [08/Sep/2013:00:37:37 -0700] "GET /tex/$LaTeX$.png HTTP/1.1" 200 604 "-" "Mozilla/5.0 (Macintosh; Intel Mac OS X 10_8_3) AppleWebKit/537.36 (KHTML, like Gecko) Chrome/29.0.1547.65 Safari/537.36"
158.130.153.83 - - [08/Sep/2013:00:37:37 -0700] "GET /favicon.ico HTTP/1.1" 200 677 "-" "Mozilla/5.0 (Macintosh; Intel Mac OS X 10_8_3) AppleWebKit/537.36 (KHTML, like Gecko) Chrome/29.0.1547.65 Safari/537.36"
158.130.152.138 - - [08/Sep/2013:00:37:42 -0700] "GET /tex/$LaTeX$.png HTTP/1.1" 200 604 "-" "Mozilla/5.0 (X11; Ubuntu; Linux x86_64; rv:23.0) Gecko/20100101 Firefox/23.0"
158.130.153.83 - - [08/Sep/2013:00:37:43 -0700] "GET /tex/$LaTeX.png HTTP/1.1" 200 604 "-" "Mozilla/5.0 (Macintosh; Intel Mac OS X 10_8_3) AppleWebKit/537.36 (KHTML, like Gecko) Chrome/29.0.1547.65 Safari/537.36"
158.130.152.138 - - [08/Sep/2013:00:37:45 -0700] "GET /tex/$%5CLaTeX$.png HTTP/1.1" 200 11927 "-" "Mozilla/5.0 (X11; Ubuntu; Linux x86_64; rv:23.0) Gecko/20100101 Firefox/23.0"
158.130.153.83 - - [08/Sep/2013:00:37:46 -0700] "GET /tex/LaTeX.png HTTP/1.1" 200 604 "-" "Mozilla/5.0 (Macintosh; Intel Mac OS X 10_8_3) AppleWebKit/537.36 (KHTML, like Gecko) Chrome/29.0.1547.65 Safari/537.36"
158.130.152.138 - - [08/Sep/2013:00:37:50 -0700] "GET /tex/$%5C%5CLaTeX.png HTTP/1.1" 200 716 "-" "Mozilla/5.0 (X11; Ubuntu; Linux x86_64; rv:23.0) Gecko/20100101 Firefox/23.0"
158.130.153.83 - - [08/Sep/2013:00:37:51 -0700] "GET /tex/L.png HTTP/1.1" 200 388 "-" "Mozilla/5.0 (Macintosh; Intel Mac OS X 10_8_3) AppleWebKit/537.36 (KHTML, like Gecko) Chrome/29.0.1547.65 Safari/537.36"
158.130.152.138 - - [08/Sep/2013:00:37:54 -0700] "GET /tex/$%5C%5CLaTeX.png HTTP/1.1" 200 716 "-" "Mozilla/5.0 (X11; Ubuntu; Linux x86_64; rv:23.0) Gecko/20100101 Firefox/23.0"
64.134.69.134 - - [08/Sep/2013:00:37:56 -0700] "GET /tex/$LaTeX$.png HTTP/1.1" 200 604 "-" "Mozilla/5.0 (Macintosh; Intel Mac OS X 10_9_0) AppleWebKit/537.36 (KHTML, like Gecko) Chrome/29.0.1547.65 Safari/537.36"
64.134.69.134 - - [08/Sep/2013:00:37:56 -0700] "GET /favicon.ico HTTP/1.1" 200 677 "-" "Mozilla/5.0 (Macintosh; Intel Mac OS X 10_9_0) AppleWebKit/537.36 (KHTML, like Gecko) Chrome/29.0.1547.65 Safari/537.36"
158.130.153.83 - - [08/Sep/2013:00:37:57 -0700] "GET /tex/gerard.png HTTP/1.1" 200 549 "-" "Mozilla/5.0 (Macintosh; Intel Mac OS X 10_8_3) AppleWebKit/537.36 (KHTML, like Gecko) Chrome/29.0.1547.65 Safari/537.36"
158.130.152.138 - - [08/Sep/2013:00:37:58 -0700] "GET /tex/%5C%5CLaTeX.png HTTP/1.1" 200 716 "-" "Mozilla/5.0 (X11; Ubuntu; Linux x86_64; rv:23.0) Gecko/20100101 Firefox/23.0"
158.130.152.138 - - [08/Sep/2013:00:38:06 -0700] "GET /tex/%5CLaTeX.png HTTP/1.1" 200 11927 "-" "Mozilla/5.0 (X11; Ubuntu; Linux x86_64; rv:23.0) Gecko/20100101 Firefox/23.0"
158.130.152.138 - - [08/Sep/2013:00:38:09 -0700] "GET /tex/LaTeX.png HTTP/1.1" 200 604 "-" "Mozilla/5.0 (X11; Ubuntu; Linux x86_64; rv:23.0) Gecko/20100101 Firefox/23.0"
158.130.152.138 - - [08/Sep/2013:00:38:45 -0700] "GET /tex/%5CLaTeX%7B%7D.png HTTP/1.1" 200 11927 "-" "Mozilla/5.0 (X11; Ubuntu; Linux x86_64; rv:23.0) Gecko/20100101 Firefox/23.0"
158.130.152.138 - - [08/Sep/2013:00:39:30 -0700] "GET /tex/%5CorgLaTeX%7B%7D.png HTTP/1.1" 200 11927 "-" "Mozilla/5.0 (X11; Ubuntu; Linux x86_64; rv:23.0) Gecko/20100101 Firefox/23.0"
158.130.152.138 - - [08/Sep/2013:00:39:33 -0700] "GET /tex/%5CorgLaTeX%7B%7D HTTP/1.1" 200 11927 "-" "Mozilla/5.0 (X11; Ubuntu; Linux x86_64; rv:23.0) Gecko/20100101 Firefox/23.0"
158.130.152.138 - - [08/Sep/2013:00:39:34 -0700] "GET /tex/%5CorgLaTeX HTTP/1.1" 200 11927 "-" "Mozilla/5.0 (X11; Ubuntu; Linux x86_64; rv:23.0) Gecko/20100101 Firefox/23.0"
158.130.152.138 - - [08/Sep/2013:00:39:38 -0700] "GET /tex/$%5CorgLaTeX$ HTTP/1.1" 200 11927 "-" "Mozilla/5.0 (X11; Ubuntu; Linux x86_64; rv:23.0) Gecko/20100101 Firefox/23.0"
158.130.152.138 - - [08/Sep/2013:00:39:43 -0700] "GET /tex/$orgLaTeX$ HTTP/1.1" 200 745 "-" "Mozilla/5.0 (X11; Ubuntu; Linux x86_64; rv:23.0) Gecko/20100101 Firefox/23.0"
158.130.156.168 - - [08/Sep/2013:00:40:40 -0700] "GET /$Latex$ HTTP/1.1" 200 546 "-" "Mozilla/5.0 (Macintosh; Intel Mac OS X 10_8_4) AppleWebKit/537.36 (KHTML, like Gecko) Chrome/31.0.1624.0 Safari/537.36"
158.130.156.168 - - [08/Sep/2013:00:40:44 -0700] "GET /$Latex$ HTTP/1.1" 200 546 "-" "Mozilla/5.0 (Macintosh; Intel Mac OS X 10_8_4) AppleWebKit/537.36 (KHTML, like Gecko) Chrome/31.0.1624.0 Safari/537.36"
158.130.156.168 - - [08/Sep/2013:00:40:52 -0700] "GET /$/LaTeX$ HTTP/1.1" 200 11927 "-" "Mozilla/5.0 (Macintosh; Intel Mac OS X 10_8_4) AppleWebKit/537.36 (KHTML, like Gecko) Chrome/31.0.1624.0 Safari/537.36"
158.130.156.168 - - [08/Sep/2013:00:40:57 -0700] "GET /$/Latex$ HTTP/1.1" 200 11927 "-" "Mozilla/5.0 (Macintosh; Intel Mac OS X 10_8_4) AppleWebKit/537.36 (KHTML, like Gecko) Chrome/31.0.1624.0 Safari/537.36"
158.130.156.168 - - [08/Sep/2013:00:41:00 -0700] "GET /$/latex$ HTTP/1.1" 200 11927 "-" "Mozilla/5.0 (Macintosh; Intel Mac OS X 10_8_4) AppleWebKit/537.36 (KHTML, like Gecko) Chrome/31.0.1624.0 Safari/537.36"
158.130.156.168 - - [08/Sep/2013:00:41:03 -0700] "GET /$latex$ HTTP/1.1" 200 530 "-" "Mozilla/5.0 (Macintosh; Intel Mac OS X 10_8_4) AppleWebKit/537.36 (KHTML, like Gecko) Chrome/31.0.1624.0 Safari/537.36"
158.130.156.168 - - [08/Sep/2013:00:42:44 -0700] "GET / HTTP/1.1" 200 696 "-" "Mozilla/5.0 (Macintosh; Intel Mac OS X 10_8_4) AppleWebKit/537.36 (KHTML, like Gecko) Chrome/31.0.1624.0 Safari/537.36"
158.130.156.168 - - [08/Sep/2013:00:42:44 -0700] "GET /js/bootstrap.min.js HTTP/1.1" 200 25779 "http://tex.sh/" "Mozilla/5.0 (Macintosh; Intel Mac OS X 10_8_4) AppleWebKit/537.36 (KHTML, like Gecko) Chrome/31.0.1624.0 Safari/537.36"
158.130.156.168 - - [08/Sep/2013:00:42:44 -0700] "GET /js/main.js HTTP/1.1" 200 364 "http://tex.sh/" "Mozilla/5.0 (Macintosh; Intel Mac OS X 10_8_4) AppleWebKit/537.36 (KHTML, like Gecko) Chrome/31.0.1624.0 Safari/537.36"
158.130.156.168 - - [08/Sep/2013:00:42:44 -0700] "GET /js/jquery.min.js HTTP/1.1" 200 83712 "http://tex.sh/" "Mozilla/5.0 (Macintosh; Intel Mac OS X 10_8_4) AppleWebKit/537.36 (KHTML, like Gecko) Chrome/31.0.1624.0 Safari/537.36"
158.130.156.168 - - [08/Sep/2013:00:42:44 -0700] "GET /css/bootstrap.min.css HTTP/1.1" 200 101358 "http://tex.sh/" "Mozilla/5.0 (Macintosh; Intel Mac OS X 10_8_4) AppleWebKit/537.36 (KHTML, like Gecko) Chrome/31.0.1624.0 Safari/537.36"
158.130.152.138 - - [08/Sep/2013:00:44:31 -0700] "GET /tex/$x^2$.png HTTP/1.1" 200 436 "-" "Python-urllib/2.7"
158.130.152.138 - - [08/Sep/2013:00:44:55 -0700] "GET /tex/$x^2$.png HTTP/1.1" 200 436 "-" "Python-urllib/2.7"
64.134.69.134 - - [08/Sep/2013:00:45:52 -0700] "HEAD /tex/$LaTeX$.png HTTP/1.1" 200 0 "-" "Mozilla/5.0 (Macintosh; Intel Mac OS X 10_8_4) AppleWebKit/536.30.1 (KHTML, like Gecko)"
64.134.69.134 - - [08/Sep/2013:00:45:53 -0700] "GET /tex/$LaTeX$.png HTTP/1.1" 200 604 "-" "Mozilla/5.0 (Macintosh; Intel Mac OS X 10_8_4) AppleWebKit/536.30.1 (KHTML, like Gecko)"
158.130.152.138 - - [08/Sep/2013:00:46:38 -0700] "GET / HTTP/1.1" 200 696 "-" "Mozilla/5.0 (X11; Ubuntu; Linux x86_64; rv:23.0) Gecko/20100101 Firefox/23.0"
158.130.152.138 - - [08/Sep/2013:00:46:38 -0700] "GET /js/jquery.min.js HTTP/1.1" 200 83657 "http://tex.sh/" "Mozilla/5.0 (X11; Ubuntu; Linux x86_64; rv:23.0) Gecko/20100101 Firefox/23.0"
158.130.152.138 - - [08/Sep/2013:00:46:38 -0700] "GET /js/main.js HTTP/1.1" 200 364 "http://tex.sh/" "Mozilla/5.0 (X11; Ubuntu; Linux x86_64; rv:23.0) Gecko/20100101 Firefox/23.0"
158.130.152.138 - - [08/Sep/2013:00:46:38 -0700] "GET /js/bootstrap.min.js HTTP/1.1" 200 25779 "http://tex.sh/" "Mozilla/5.0 (X11; Ubuntu; Linux x86_64; rv:23.0) Gecko/20100101 Firefox/23.0"
158.130.152.138 - - [08/Sep/2013:00:46:38 -0700] "GET /css/bootstrap.min.css HTTP/1.1" 200 101310 "http://tex.sh/" "Mozilla/5.0 (X11; Ubuntu; Linux x86_64; rv:23.0) Gecko/20100101 Firefox/23.0"
158.130.152.138 - - [08/Sep/2013:00:46:44 -0700] "GET /asdf HTTP/1.1" 200 532 "-" "Mozilla/5.0 (X11; Ubuntu; Linux x86_64; rv:23.0) Gecko/20100101 Firefox/23.0"
158.130.152.138 - - [08/Sep/2013:00:46:49 -0700] "GET /tex/$sdf$.png HTTP/1.1" 200 504 "http://tex.sh/" "Mozilla/5.0 (X11; Ubuntu; Linux x86_64; rv:23.0) Gecko/20100101 Firefox/23.0"
158.130.152.138 - - [08/Sep/2013:00:46:54 -0700] "GET /tex/$%5Cerror$.png HTTP/1.1" 200 11927 "http://tex.sh/" "Mozilla/5.0 (X11; Ubuntu; Linux x86_64; rv:23.0) Gecko/20100101 Firefox/23.0"
158.130.152.138 - - [08/Sep/2013:00:47:02 -0700] "GET /tex/$x%5Ex$.png HTTP/1.1" 200 420 "http://tex.sh/" "Mozilla/5.0 (X11; Ubuntu; Linux x86_64; rv:23.0) Gecko/20100101 Firefox/23.0"
158.130.152.138 - - [08/Sep/2013:00:47:26 -0700] "GET /tex/$x%5E%7Bx%5E%7Bx%5E%7Bx%5E%7Bx%5Ex%7D%7D%7D%7D$.png HTTP/1.1" 200 515 "http://tex.sh/" "Mozilla/5.0 (X11; Ubuntu; Linux x86_64; rv:23.0) Gecko/20100101 Firefox/23.0"
158.130.153.137 - - [08/Sep/2013:00:52:49 -0700] "GET /tex/$LaTeX$.png HTTP/1.1" 200 604 "-" "Mozilla/5.0 (Macintosh; Intel Mac OS X 10_8_3) AppleWebKit/537.36 (KHTML, like Gecko) Chrome/29.0.1547.65 Safari/537.36"
158.130.153.137 - - [08/Sep/2013:00:52:49 -0700] "GET /favicon.ico HTTP/1.1" 200 677 "-" "Mozilla/5.0 (Macintosh; Intel Mac OS X 10_8_3) AppleWebKit/537.36 (KHTML, like Gecko) Chrome/29.0.1547.65 Safari/537.36"
158.130.154.117 - - [08/Sep/2013:00:58:27 -0700] "GET /tex/$LaTeX$.png HTTP/1.1" 200 604 "-" "Mozilla/5.0 (Windows NT 6.1; WOW64; rv:23.0) Gecko/20100101 Firefox/23.0"
158.130.154.117 - - [08/Sep/2013:00:58:28 -0700] "GET /tex/$LaTeX$.png HTTP/1.1" 200 604 "-" "Mozilla/5.0 (Windows NT 6.1; WOW64; rv:23.0) Gecko/20100101 Firefox/23.0"
158.130.159.99 - - [08/Sep/2013:00:59:20 -0700] "GET / HTTP/1.1" 200 696 "-" "Mozilla/5.0 (Windows NT 6.1; WOW64) AppleWebKit/537.36 (KHTML, like Gecko) Chrome/29.0.1547.66 Safari/537.36"
158.130.159.99 - - [08/Sep/2013:00:59:20 -0700] "GET /js/bootstrap.min.js HTTP/1.1" 200 25779 "http://tex.sh/" "Mozilla/5.0 (Windows NT 6.1; WOW64) AppleWebKit/537.36 (KHTML, like Gecko) Chrome/29.0.1547.66 Safari/537.36"
158.130.159.99 - - [08/Sep/2013:00:59:20 -0700] "GET /js/main.js HTTP/1.1" 200 364 "http://tex.sh/" "Mozilla/5.0 (Windows NT 6.1; WOW64) AppleWebKit/537.36 (KHTML, like Gecko) Chrome/29.0.1547.66 Safari/537.36"
158.130.159.99 - - [08/Sep/2013:00:59:20 -0700] "GET /js/jquery.min.js HTTP/1.1" 200 83657 "http://tex.sh/" "Mozilla/5.0 (Windows NT 6.1; WOW64) AppleWebKit/537.36 (KHTML, like Gecko) Chrome/29.0.1547.66 Safari/537.36"
158.130.159.99 - - [08/Sep/2013:00:59:20 -0700] "GET /css/bootstrap.min.css HTTP/1.1" 200 101310 "http://tex.sh/" "Mozilla/5.0 (Windows NT 6.1; WOW64) AppleWebKit/537.36 (KHTML, like Gecko) Chrome/29.0.1547.66 Safari/537.36"
158.130.159.99 - - [08/Sep/2013:00:59:21 -0700] "GET /favicon.ico HTTP/1.1" 200 677 "-" "Mozilla/5.0 (Windows NT 6.1; WOW64) AppleWebKit/537.36 (KHTML, like Gecko) Chrome/29.0.1547.66 Safari/537.36"
158.130.159.99 - - [08/Sep/2013:00:59:40 -0700] "GET /tex/$/frac%7B2%7D%7B5%7D$.png HTTP/1.1" 200 433 "http://tex.sh/" "Mozilla/5.0 (Windows NT 6.1; WOW64) AppleWebKit/537.36 (KHTML, like Gecko) Chrome/29.0.1547.66 Safari/537.36"
158.130.159.99 - - [08/Sep/2013:01:00:01 -0700] "GET /$/frac%7B1%7D%7B2%7D$ HTTP/1.1" 200 406 "-" "Mozilla/5.0 (Windows NT 6.1; WOW64) AppleWebKit/537.36 (KHTML, like Gecko) Chrome/29.0.1547.66 Safari/537.36"
158.130.156.168 - - [08/Sep/2013:01:07:35 -0700] "GET /tex/$LaTeX$.png HTTP/1.1" 200 604 "-" "Mozilla/5.0 (Macintosh; Intel Mac OS X 10_8_4) AppleWebKit/536.30.1 (KHTML, like Gecko)"
158.130.156.168 - - [08/Sep/2013:01:07:35 -0700] "GET /tex/$/sum_{i=-/infty}^{/infty}%20x[n]%20e^{-i/omega%20t}$ HTTP/1.1" 200 872 "-" "Mozilla/5.0 (Macintosh; Intel Mac OS X 10_8_4) AppleWebKit/536.30.1 (KHTML, like Gecko)"
158.130.156.168 - - [08/Sep/2013:01:07:35 -0700] "GET /graph/x^2,xmin=-5,xmax=+5,ymin=0,xlabel=label HTTP/1.1" 200 4133 "-" "Mozilla/5.0 (Macintosh; Intel Mac OS X 10_8_4) AppleWebKit/536.30.1 (KHTML, like Gecko)"
158.130.156.168 - - [08/Sep/2013:01:07:35 -0700] "GET /graph/x^2 HTTP/1.1" 200 3022 "-" "Mozilla/5.0 (Macintosh; Intel Mac OS X 10_8_4) AppleWebKit/536.30.1 (KHTML, like Gecko)"
158.130.156.168 - - [08/Sep/2013:01:13:32 -0700] "GET / HTTP/1.1" 200 696 "-" "Mozilla/5.0 (Macintosh; Intel Mac OS X 10_8_4) AppleWebKit/537.36 (KHTML, like Gecko) Chrome/31.0.1624.0 Safari/537.36"
158.130.156.168 - - [08/Sep/2013:01:13:32 -0700] "GET /js/bootstrap.min.js HTTP/1.1" 200 25779 "http://tex.sh/" "Mozilla/5.0 (Macintosh; Intel Mac OS X 10_8_4) AppleWebKit/537.36 (KHTML, like Gecko) Chrome/31.0.1624.0 Safari/537.36"
158.130.156.168 - - [08/Sep/2013:01:13:32 -0700] "GET /js/main.js HTTP/1.1" 200 364 "http://tex.sh/" "Mozilla/5.0 (Macintosh; Intel Mac OS X 10_8_4) AppleWebKit/537.36 (KHTML, like Gecko) Chrome/31.0.1624.0 Safari/537.36"
158.130.156.168 - - [08/Sep/2013:01:13:33 -0700] "GET /js/jquery.min.js HTTP/1.1" 200 83712 "http://tex.sh/" "Mozilla/5.0 (Macintosh; Intel Mac OS X 10_8_4) AppleWebKit/537.36 (KHTML, like Gecko) Chrome/31.0.1624.0 Safari/537.36"
158.130.156.168 - - [08/Sep/2013:01:13:33 -0700] "GET /css/bootstrap.min.css HTTP/1.1" 200 101358 "http://tex.sh/" "Mozilla/5.0 (Macintosh; Intel Mac OS X 10_8_4) AppleWebKit/537.36 (KHTML, like Gecko) Chrome/31.0.1624.0 Safari/537.36"
158.130.152.138 - - [08/Sep/2013:01:26:29 -0700] "GET /tex/$$.png HTTP/1.1" 200 11927 "http://tex.sh/" "Mozilla/5.0 (X11; Ubuntu; Linux x86_64; rv:23.0) Gecko/20100101 Firefox/23.0"
158.130.152.138 - - [08/Sep/2013:01:26:37 -0700] "GET /tex/$texit$.png HTTP/1.1" 200 504 "http://tex.sh/" "Mozilla/5.0 (X11; Ubuntu; Linux x86_64; rv:23.0) Gecko/20100101 Firefox/23.0"
140.247.0.15 - - [08/Sep/2013:01:45:02 -0700] "GET /tex/$/frac%7B2%7D%7B4%7D$ HTTP/1.1" 200 428 "-" "Mozilla/5.0 (Windows NT 6.1) AppleWebKit/537.36 (KHTML, like Gecko) Chrome/29.0.1547.66 Safari/537.36"
173.252.100.117 - - [08/Sep/2013:01:45:02 -0700] "GET /tex/$/frac%7B2%7D%7B4%7D$ HTTP/1.1" 200 428 "-" "facebookexternalhit/1.1 (+http://www.facebook.com/externalhit_uatext.php)"
140.247.0.15 - - [08/Sep/2013:01:45:03 -0700] "GET /favicon.ico HTTP/1.1" 200 677 "-" "Mozilla/5.0 (Windows NT 6.1) AppleWebKit/537.36 (KHTML, like Gecko) Chrome/29.0.1547.66 Safari/537.36"
173.252.100.119 - - [08/Sep/2013:01:45:03 -0700] "GET /tex/$/frac%7B2%7D%7B4%7D HTTP/1.1" 200 428 "-" "facebookexternalhit/1.1 (+http://www.facebook.com/externalhit_uatext.php)"
173.252.100.112 - - [08/Sep/2013:01:45:03 -0700] "GET /tex/$/frac%7B2%7D%7B4%7D$ HTTP/1.1" 200 428 "http://tex.sh/tex/$/frac%7B2%7D%7B4%7D$" "facebookexternalhit/1.1 (+http://www.facebook.com/externalhit_uatext.php)"
173.252.100.118 - - [08/Sep/2013:01:45:03 -0700] "GET /tex/$/frac%7B2%7D%7B4%7D HTTP/1.1" 200 428 "http://tex.sh/tex/$/frac%7B2%7D%7B4%7D" "facebookexternalhit/1.1 (+http://www.facebook.com/externalhit_uatext.php)"
173.252.103.0 - - [08/Sep/2013:01:45:04 -0700] "GET /tex/$/frac%7B2%7D%7B4%7D HTTP/1.1" 200 428 "-" "facebookexternalhit/1.1 (+http://www.facebook.com/externalhit_uatext.php)"
173.252.103.7 - - [08/Sep/2013:01:45:04 -0700] "GET /tex/$/frac%7B2%7D%7B4%7D$ HTTP/1.1" 200 428 "-" "facebookexternalhit/1.1 (+http://www.facebook.com/externalhit_uatext.php)"
140.247.0.15 - - [08/Sep/2013:01:45:17 -0700] "GET /tex/$/int_%7B-/infty%7D%5E%7B/infty%7Df(t)e%5E%7B-2/pi%20i/omega%20t%7Ddt$ HTTP/1.1" 200 968 "-" "Mozilla/5.0 (Windows NT 6.1) AppleWebKit/537.36 (KHTML, like Gecko) Chrome/29.0.1547.66 Safari/537.36"
173.252.73.113 - - [08/Sep/2013:01:45:34 -0700] "GET /graph/$x%5E2$ HTTP/1.1" 200 3022 "-" "facebookexternalhit/1.1 (+http://www.facebook.com/externalhit_uatext.php)"
140.247.0.15 - - [08/Sep/2013:01:45:34 -0700] "GET /graph/$x%5E2$ HTTP/1.1" 200 3022 "-" "Mozilla/5.0 (Windows NT 6.1) AppleWebKit/537.36 (KHTML, like Gecko) Chrome/29.0.1547.66 Safari/537.36"
173.252.100.115 - - [08/Sep/2013:01:45:34 -0700] "GET /graph/$x%5E2$ HTTP/1.1" 200 3022 "-" "facebookexternalhit/1.1 (+http://www.facebook.com/externalhit_uatext.php)"
173.252.73.119 - - [08/Sep/2013:01:45:35 -0700] "GET /graph/$x%5E2 HTTP/1.1" 200 3022 "-" "facebookexternalhit/1.1 (+http://www.facebook.com/externalhit_uatext.php)"
173.252.100.117 - - [08/Sep/2013:01:45:35 -0700] "GET /graph/$x%5E2 HTTP/1.1" 200 3022 "-" "facebookexternalhit/1.1 (+http://www.facebook.com/externalhit_uatext.php)"
173.252.100.118 - - [08/Sep/2013:01:45:35 -0700] "GET /graph/$x%5E2$ HTTP/1.1" 200 3022 "http://tex.sh/graph/$x%5E2$" "facebookexternalhit/1.1 (+http://www.facebook.com/externalhit_uatext.php)"
173.252.100.113 - - [08/Sep/2013:01:45:35 -0700] "GET /graph/$x%5E2 HTTP/1.1" 200 3022 "http://tex.sh/graph/$x%5E2" "facebookexternalhit/1.1 (+http://www.facebook.com/externalhit_uatext.php)"
173.252.103.7 - - [08/Sep/2013:01:45:35 -0700] "GET /graph/$x%5E2$ HTTP/1.1" 200 3022 "-" "facebookexternalhit/1.1 (+http://www.facebook.com/externalhit_uatext.php)"
173.252.103.3 - - [08/Sep/2013:01:45:36 -0700] "GET /graph/$x%5E2 HTTP/1.1" 200 3022 "-" "facebookexternalhit/1.1 (+http://www.facebook.com/externalhit_uatext.php)"
