158.130.156.168 - - [07/Sep/2013:21:10:30 -0700] "GET /tex/$/frac%7B4%7D%7B3%7D$ HTTP/1.1" 500 291 "-" "Mozilla/5.0 (Macintosh; Intel Mac OS X 10_8_4) AppleWebKit/537.36 (KHTML, like Gecko) Chrome/31.0.1624.0 Safari/537.36"
158.130.156.168 - - [07/Sep/2013:21:10:32 -0700] "GET /tex/$/frac%7B4%7D%7B3%7D$ HTTP/1.1" 500 291 "-" "Mozilla/5.0 (Macintosh; Intel Mac OS X 10_8_4) AppleWebKit/537.36 (KHTML, like Gecko) Chrome/31.0.1624.0 Safari/537.36"
158.130.156.168 - - [07/Sep/2013:21:10:36 -0700] "GET /graph/x HTTP/1.1" 500 291 "-" "Mozilla/5.0 (Macintosh; Intel Mac OS X 10_8_4) AppleWebKit/537.36 (KHTML, like Gecko) Chrome/31.0.1624.0 Safari/537.36"
158.130.156.168 - - [07/Sep/2013:21:10:38 -0700] "GET /graph/x HTTP/1.1" 500 291 "-" "Mozilla/5.0 (Macintosh; Intel Mac OS X 10_8_4) AppleWebKit/537.36 (KHTML, like Gecko) Chrome/31.0.1624.0 Safari/537.36"
158.130.156.168 - - [07/Sep/2013:21:12:37 -0700] "GET / HTTP/1.1" 200 666 "-" "Mozilla/5.0 (Macintosh; Intel Mac OS X 10_8_4) AppleWebKit/537.36 (KHTML, like Gecko) Chrome/31.0.1624.0 Safari/537.36"
158.130.156.168 - - [07/Sep/2013:21:12:38 -0700] "GET /js/bootstrap.min.js HTTP/1.1" 200 25779 "http://tex.sh/" "Mozilla/5.0 (Macintosh; Intel Mac OS X 10_8_4) AppleWebKit/537.36 (KHTML, like Gecko) Chrome/31.0.1624.0 Safari/537.36"
158.130.156.168 - - [07/Sep/2013:21:12:38 -0700] "GET /js/main.js HTTP/1.1" 200 364 "http://tex.sh/" "Mozilla/5.0 (Macintosh; Intel Mac OS X 10_8_4) AppleWebKit/537.36 (KHTML, like Gecko) Chrome/31.0.1624.0 Safari/537.36"
158.130.156.168 - - [07/Sep/2013:21:12:38 -0700] "GET /js/jquery.min.js HTTP/1.1" 200 83705 "http://tex.sh/" "Mozilla/5.0 (Macintosh; Intel Mac OS X 10_8_4) AppleWebKit/537.36 (KHTML, like Gecko) Chrome/31.0.1624.0 Safari/537.36"
158.130.156.168 - - [07/Sep/2013:21:12:38 -0700] "GET /asdf HTTP/1.1" 200 160 "-" "Mozilla/5.0 (Macintosh; Intel Mac OS X 10_8_4) AppleWebKit/537.36 (KHTML, like Gecko) Chrome/31.0.1624.0 Safari/537.36"
158.130.156.168 - - [07/Sep/2013:21:12:38 -0700] "GET /css/bootstrap.min.css HTTP/1.1" 200 101358 "http://tex.sh/" "Mozilla/5.0 (Macintosh; Intel Mac OS X 10_8_4) AppleWebKit/537.36 (KHTML, like Gecko) Chrome/31.0.1624.0 Safari/537.36"
158.130.156.168 - - [07/Sep/2013:21:12:38 -0700] "GET /js/test.js HTTP/1.1" 200 130 "http://tex.sh/asdf" "Mozilla/5.0 (Macintosh; Intel Mac OS X 10_8_4) AppleWebKit/537.36 (KHTML, like Gecko) Chrome/31.0.1624.0 Safari/537.36"
158.130.156.168 - - [07/Sep/2013:21:12:38 -0700] "GET /css/test.css HTTP/1.1" 200 18 "http://tex.sh/asdf" "Mozilla/5.0 (Macintosh; Intel Mac OS X 10_8_4) AppleWebKit/537.36 (KHTML, like Gecko) Chrome/31.0.1624.0 Safari/537.36"
158.130.156.168 - - [07/Sep/2013:21:12:45 -0700] "GET /tex/$/frac%7B1%7D%7B2%7D$.png HTTP/1.1" 500 291 "http://tex.sh/" "Mozilla/5.0 (Macintosh; Intel Mac OS X 10_8_4) AppleWebKit/537.36 (KHTML, like Gecko) Chrome/31.0.1624.0 Safari/537.36"
158.130.156.168 - - [07/Sep/2013:21:12:58 -0700] "GET /tex/$/frac%7B1%7D%7B2%7D$.png HTTP/1.1" 500 291 "http://tex.sh/" "Mozilla/5.0 (Macintosh; Intel Mac OS X 10_8_4) AppleWebKit/537.36 (KHTML, like Gecko) Chrome/31.0.1624.0 Safari/537.36"
158.130.152.138 - - [07/Sep/2013:21:13:02 -0700] "GET / HTTP/1.1" 200 666 "-" "Mozilla/5.0 (X11; Ubuntu; Linux x86_64; rv:23.0) Gecko/20100101 Firefox/23.0"
158.130.152.138 - - [07/Sep/2013:21:13:04 -0700] "GET /js/main.js HTTP/1.1" 200 364 "http://tex.sh/" "Mozilla/5.0 (X11; Ubuntu; Linux x86_64; rv:23.0) Gecko/20100101 Firefox/23.0"
158.130.152.138 - - [07/Sep/2013:21:13:04 -0700] "GET /js/bootstrap.min.js HTTP/1.1" 200 25779 "http://tex.sh/" "Mozilla/5.0 (X11; Ubuntu; Linux x86_64; rv:23.0) Gecko/20100101 Firefox/23.0"
158.130.152.138 - - [07/Sep/2013:21:13:05 -0700] "GET /js/jquery.min.js HTTP/1.1" 200 83657 "http://tex.sh/" "Mozilla/5.0 (X11; Ubuntu; Linux x86_64; rv:23.0) Gecko/20100101 Firefox/23.0"
158.130.152.138 - - [07/Sep/2013:21:13:06 -0700] "GET /css/bootstrap.min.css HTTP/1.1" 200 101310 "http://tex.sh/" "Mozilla/5.0 (X11; Ubuntu; Linux x86_64; rv:23.0) Gecko/20100101 Firefox/23.0"
158.130.152.138 - - [07/Sep/2013:21:13:10 -0700] "GET /tex/$asdfasdf$.png HTTP/1.1" 500 291 "http://tex.sh/" "Mozilla/5.0 (X11; Ubuntu; Linux x86_64; rv:23.0) Gecko/20100101 Firefox/23.0"
158.130.152.138 - - [07/Sep/2013:21:13:13 -0700] "GET /tex/$asfdasdf$.png HTTP/1.1" 500 291 "http://tex.sh/" "Mozilla/5.0 (X11; Ubuntu; Linux x86_64; rv:23.0) Gecko/20100101 Firefox/23.0"
158.130.152.138 - - [07/Sep/2013:21:13:16 -0700] "GET /tex/$asdfasdfa$.png HTTP/1.1" 500 291 "http://tex.sh/" "Mozilla/5.0 (X11; Ubuntu; Linux x86_64; rv:23.0) Gecko/20100101 Firefox/23.0"
158.130.156.168 - - [07/Sep/2013:21:13:43 -0700] "GET /js/jquery-2.0.3.min.map HTTP/1.1" 500 291 "http://tex.sh/" "Mozilla/5.0 (Macintosh; Intel Mac OS X 10_8_4) AppleWebKit/537.36 (KHTML, like Gecko) Chrome/31.0.1624.0 Safari/537.36"
158.130.152.138 - - [07/Sep/2013:21:13:54 -0700] "GET /tex/$asdfasdfa$.png HTTP/1.1" 500 291 "http://tex.sh/" "Mozilla/5.0 (X11; Ubuntu; Linux x86_64; rv:23.0) Gecko/20100101 Firefox/23.0"
158.130.152.138 - - [07/Sep/2013:21:13:58 -0700] "GET /tex/$asdfasdfa$.png HTTP/1.1" 500 291 "-" "Mozilla/5.0 (X11; Ubuntu; Linux x86_64; rv:23.0) Gecko/20100101 Firefox/23.0"
158.130.152.138 - - [07/Sep/2013:21:14:01 -0700] "GET /tex/$asdfasdfa$.png HTTP/1.1" 500 291 "-" "Mozilla/5.0 (X11; Ubuntu; Linux x86_64; rv:23.0) Gecko/20100101 Firefox/23.0"
158.130.156.168 - - [07/Sep/2013:21:14:06 -0700] "GET /tex/$/frac%7B1%7D%7B2%7D$.png HTTP/1.1" 500 291 "-" "Mozilla/5.0 (Macintosh; Intel Mac OS X 10_8_4) AppleWebKit/537.36 (KHTML, like Gecko) Chrome/31.0.1624.0 Safari/537.36"
158.130.152.138 - - [07/Sep/2013:21:14:09 -0700] "GET /tex/$asdfasdfa$.png HTTP/1.1" 500 291 "-" "Mozilla/5.0 (X11; Ubuntu; Linux x86_64; rv:23.0) Gecko/20100101 Firefox/23.0"
158.130.152.138 - - [07/Sep/2013:21:14:14 -0700] "GET /tex/$%5Cfrac%7B3%7D%7B2%7D$.png HTTP/1.1" 500 291 "-" "Mozilla/5.0 (X11; Ubuntu; Linux x86_64; rv:23.0) Gecko/20100101 Firefox/23.0"
158.130.152.138 - - [07/Sep/2013:21:14:18 -0700] "GET /tex/$%5Cfrac%7B3%7D%7B2%7D$.png HTTP/1.1" 500 291 "-" "Mozilla/5.0 (X11; Ubuntu; Linux x86_64; rv:23.0) Gecko/20100101 Firefox/23.0"
158.130.156.168 - - [07/Sep/2013:21:14:22 -0700] "GET /tex/$/frac%7B1%7D%7B2%7D$.png HTTP/1.1" 500 291 "-" "Mozilla/5.0 (Macintosh; Intel Mac OS X 10_8_4) AppleWebKit/537.36 (KHTML, like Gecko) Chrome/31.0.1624.0 Safari/537.36"
158.130.152.138 - - [07/Sep/2013:21:14:27 -0700] "GET /tex/$%5Cfrac%7B3%7D%7B2%7D$.png HTTP/1.1" 500 291 "-" "Mozilla/5.0 (X11; Ubuntu; Linux x86_64; rv:23.0) Gecko/20100101 Firefox/23.0"
158.130.152.138 - - [07/Sep/2013:21:17:59 -0700] "GET /tex/$%5Cfrac%7B3%7D%7B2%7D$.png HTTP/1.1" 500 291 "-" "Mozilla/5.0 (X11; Ubuntu; Linux x86_64; rv:23.0) Gecko/20100101 Firefox/23.0"
158.130.156.168 - - [07/Sep/2013:21:19:51 -0700] "GET / HTTP/1.1" 200 666 "-" "Mozilla/5.0 (Macintosh; Intel Mac OS X 10_8_4) AppleWebKit/537.36 (KHTML, like Gecko) Chrome/31.0.1624.0 Safari/537.36"
158.130.156.168 - - [07/Sep/2013:21:19:51 -0700] "GET /js/bootstrap.min.js HTTP/1.1" 200 25779 "http://tex.sh/" "Mozilla/5.0 (Macintosh; Intel Mac OS X 10_8_4) AppleWebKit/537.36 (KHTML, like Gecko) Chrome/31.0.1624.0 Safari/537.36"
158.130.156.168 - - [07/Sep/2013:21:19:51 -0700] "GET /js/main.js HTTP/1.1" 200 364 "http://tex.sh/" "Mozilla/5.0 (Macintosh; Intel Mac OS X 10_8_4) AppleWebKit/537.36 (KHTML, like Gecko) Chrome/31.0.1624.0 Safari/537.36"
158.130.156.168 - - [07/Sep/2013:21:19:51 -0700] "GET /js/jquery.min.js HTTP/1.1" 200 83712 "http://tex.sh/" "Mozilla/5.0 (Macintosh; Intel Mac OS X 10_8_4) AppleWebKit/537.36 (KHTML, like Gecko) Chrome/31.0.1624.0 Safari/537.36"
158.130.156.168 - - [07/Sep/2013:21:19:52 -0700] "GET /css/bootstrap.min.css HTTP/1.1" 200 101366 "http://tex.sh/" "Mozilla/5.0 (Macintosh; Intel Mac OS X 10_8_4) AppleWebKit/537.36 (KHTML, like Gecko) Chrome/31.0.1624.0 Safari/537.36"
158.130.156.168 - - [07/Sep/2013:21:19:57 -0700] "GET /tex/$5$.png HTTP/1.1" 200 528 "http://tex.sh/" "Mozilla/5.0 (Macintosh; Intel Mac OS X 10_8_4) AppleWebKit/537.36 (KHTML, like Gecko) Chrome/31.0.1624.0 Safari/537.36"
158.130.156.168 - - [07/Sep/2013:21:20:20 -0700] "GET /tex/$8$.png HTTP/1.1" 200 564 "http://tex.sh/" "Mozilla/5.0 (Macintosh; Intel Mac OS X 10_8_4) AppleWebKit/537.36 (KHTML, like Gecko) Chrome/31.0.1624.0 Safari/537.36"
158.130.156.168 - - [07/Sep/2013:21:22:43 -0700] "GET / HTTP/1.1" 200 666 "-" "Mozilla/5.0 (Macintosh; Intel Mac OS X 10_8_4) AppleWebKit/537.36 (KHTML, like Gecko) Chrome/31.0.1624.0 Safari/537.36"
158.130.156.168 - - [07/Sep/2013:21:22:43 -0700] "GET /js/bootstrap.min.js HTTP/1.1" 200 25779 "http://tex.sh/" "Mozilla/5.0 (Macintosh; Intel Mac OS X 10_8_4) AppleWebKit/537.36 (KHTML, like Gecko) Chrome/31.0.1624.0 Safari/537.36"
158.130.156.168 - - [07/Sep/2013:21:22:43 -0700] "GET /js/main.js HTTP/1.1" 200 364 "http://tex.sh/" "Mozilla/5.0 (Macintosh; Intel Mac OS X 10_8_4) AppleWebKit/537.36 (KHTML, like Gecko) Chrome/31.0.1624.0 Safari/537.36"
158.130.156.168 - - [07/Sep/2013:21:22:43 -0700] "GET /js/jquery.min.js HTTP/1.1" 200 83712 "http://tex.sh/" "Mozilla/5.0 (Macintosh; Intel Mac OS X 10_8_4) AppleWebKit/537.36 (KHTML, like Gecko) Chrome/31.0.1624.0 Safari/537.36"
158.130.156.168 - - [07/Sep/2013:21:22:43 -0700] "GET /css/bootstrap.min.css HTTP/1.1" 200 101358 "http://tex.sh/" "Mozilla/5.0 (Macintosh; Intel Mac OS X 10_8_4) AppleWebKit/537.36 (KHTML, like Gecko) Chrome/31.0.1624.0 Safari/537.36"
158.130.156.168 - - [07/Sep/2013:21:22:48 -0700] "GET /tex/$5$.png HTTP/1.1" 200 528 "http://tex.sh/" "Mozilla/5.0 (Macintosh; Intel Mac OS X 10_8_4) AppleWebKit/537.36 (KHTML, like Gecko) Chrome/31.0.1624.0 Safari/537.36"
158.130.156.168 - - [07/Sep/2013:21:22:54 -0700] "GET / HTTP/1.1" 200 666 "-" "Mozilla/5.0 (Macintosh; Intel Mac OS X 10_8_4) AppleWebKit/537.36 (KHTML, like Gecko) Chrome/31.0.1624.0 Safari/537.36"
158.130.156.168 - - [07/Sep/2013:21:22:54 -0700] "GET /js/jquery.min.js HTTP/1.1" 200 83712 "http://tex.sh/" "Mozilla/5.0 (Macintosh; Intel Mac OS X 10_8_4) AppleWebKit/537.36 (KHTML, like Gecko) Chrome/31.0.1624.0 Safari/537.36"
158.130.156.168 - - [07/Sep/2013:21:22:54 -0700] "GET /js/bootstrap.min.js HTTP/1.1" 200 25779 "http://tex.sh/" "Mozilla/5.0 (Macintosh; Intel Mac OS X 10_8_4) AppleWebKit/537.36 (KHTML, like Gecko) Chrome/31.0.1624.0 Safari/537.36"
158.130.156.168 - - [07/Sep/2013:21:22:54 -0700] "GET /js/main.js HTTP/1.1" 200 364 "http://tex.sh/" "Mozilla/5.0 (Macintosh; Intel Mac OS X 10_8_4) AppleWebKit/537.36 (KHTML, like Gecko) Chrome/31.0.1624.0 Safari/537.36"
158.130.156.168 - - [07/Sep/2013:21:22:54 -0700] "GET /css/bootstrap.min.css HTTP/1.1" 200 101358 "http://tex.sh/" "Mozilla/5.0 (Macintosh; Intel Mac OS X 10_8_4) AppleWebKit/537.36 (KHTML, like Gecko) Chrome/31.0.1624.0 Safari/537.36"
158.130.156.168 - - [07/Sep/2013:21:23:00 -0700] "GET /tex/$/frac%7B1%7D%7B2%7D$.png HTTP/1.1" 200 551 "http://tex.sh/" "Mozilla/5.0 (Macintosh; Intel Mac OS X 10_8_4) AppleWebKit/537.36 (KHTML, like Gecko) Chrome/31.0.1624.0 Safari/537.36"
158.130.152.138 - - [07/Sep/2013:21:24:57 -0700] "GET / HTTP/1.1" 200 666 "-" "Mozilla/5.0 (X11; Ubuntu; Linux x86_64; rv:23.0) Gecko/20100101 Firefox/23.0"
158.130.152.138 - - [07/Sep/2013:21:24:57 -0700] "GET /js/main.js HTTP/1.1" 200 364 "http://tex.sh/" "Mozilla/5.0 (X11; Ubuntu; Linux x86_64; rv:23.0) Gecko/20100101 Firefox/23.0"
158.130.152.138 - - [07/Sep/2013:21:24:57 -0700] "GET /js/bootstrap.min.js HTTP/1.1" 200 25779 "http://tex.sh/" "Mozilla/5.0 (X11; Ubuntu; Linux x86_64; rv:23.0) Gecko/20100101 Firefox/23.0"
158.130.152.138 - - [07/Sep/2013:21:24:58 -0700] "GET /js/jquery.min.js HTTP/1.1" 200 83657 "http://tex.sh/" "Mozilla/5.0 (X11; Ubuntu; Linux x86_64; rv:23.0) Gecko/20100101 Firefox/23.0"
158.130.152.138 - - [07/Sep/2013:21:24:58 -0700] "GET /css/bootstrap.min.css HTTP/1.1" 200 101310 "http://tex.sh/" "Mozilla/5.0 (X11; Ubuntu; Linux x86_64; rv:23.0) Gecko/20100101 Firefox/23.0"
158.130.152.138 - - [07/Sep/2013:21:24:59 -0700] "GET / HTTP/1.1" 200 666 "-" "Mozilla/5.0 (X11; Ubuntu; Linux x86_64; rv:23.0) Gecko/20100101 Firefox/23.0"
158.130.152.138 - - [07/Sep/2013:21:25:00 -0700] "GET /js/main.js HTTP/1.1" 200 364 "http://tex.sh/" "Mozilla/5.0 (X11; Ubuntu; Linux x86_64; rv:23.0) Gecko/20100101 Firefox/23.0"
158.130.152.138 - - [07/Sep/2013:21:25:00 -0700] "GET /js/bootstrap.min.js HTTP/1.1" 200 25779 "http://tex.sh/" "Mozilla/5.0 (X11; Ubuntu; Linux x86_64; rv:23.0) Gecko/20100101 Firefox/23.0"
158.130.152.138 - - [07/Sep/2013:21:25:00 -0700] "GET /js/jquery.min.js HTTP/1.1" 200 83697 "http://tex.sh/" "Mozilla/5.0 (X11; Ubuntu; Linux x86_64; rv:23.0) Gecko/20100101 Firefox/23.0"
158.130.152.138 - - [07/Sep/2013:21:25:00 -0700] "GET /css/bootstrap.min.css HTTP/1.1" 200 101310 "http://tex.sh/" "Mozilla/5.0 (X11; Ubuntu; Linux x86_64; rv:23.0) Gecko/20100101 Firefox/23.0"
158.130.152.138 - - [07/Sep/2013:21:25:01 -0700] "GET / HTTP/1.1" 200 666 "-" "Mozilla/5.0 (X11; Ubuntu; Linux x86_64; rv:23.0) Gecko/20100101 Firefox/23.0"
158.130.152.138 - - [07/Sep/2013:21:25:01 -0700] "GET /js/bootstrap.min.js HTTP/1.1" 200 25779 "http://tex.sh/" "Mozilla/5.0 (X11; Ubuntu; Linux x86_64; rv:23.0) Gecko/20100101 Firefox/23.0"
158.130.152.138 - - [07/Sep/2013:21:25:01 -0700] "GET /js/main.js HTTP/1.1" 200 364 "http://tex.sh/" "Mozilla/5.0 (X11; Ubuntu; Linux x86_64; rv:23.0) Gecko/20100101 Firefox/23.0"
158.130.152.138 - - [07/Sep/2013:21:25:01 -0700] "GET /js/jquery.min.js HTTP/1.1" 200 83705 "http://tex.sh/" "Mozilla/5.0 (X11; Ubuntu; Linux x86_64; rv:23.0) Gecko/20100101 Firefox/23.0"
158.130.152.138 - - [07/Sep/2013:21:25:01 -0700] "GET /css/bootstrap.min.css HTTP/1.1" 200 101350 "http://tex.sh/" "Mozilla/5.0 (X11; Ubuntu; Linux x86_64; rv:23.0) Gecko/20100101 Firefox/23.0"
158.130.152.121 - - [07/Sep/2013:21:26:40 -0700] "GET / HTTP/1.1" 200 666 "-" "Mozilla/5.0 (Macintosh; Intel Mac OS X 10_8_4) AppleWebKit/537.36 (KHTML, like Gecko) Chrome/29.0.1547.65 Safari/537.36"
158.130.158.91 - - [07/Sep/2013:21:26:40 -0700] "GET / HTTP/1.1" 200 666 "-" "Mozilla/5.0 (Macintosh; Intel Mac OS X 10_8_4) AppleWebKit/536.30.1 (KHTML, like Gecko) Version/6.0.5 Safari/536.30.1"
158.130.152.121 - - [07/Sep/2013:21:26:40 -0700] "GET /js/main.js HTTP/1.1" 200 364 "http://tex.sh/" "Mozilla/5.0 (Macintosh; Intel Mac OS X 10_8_4) AppleWebKit/537.36 (KHTML, like Gecko) Chrome/29.0.1547.65 Safari/537.36"
158.130.152.121 - - [07/Sep/2013:21:26:40 -0700] "GET /js/bootstrap.min.js HTTP/1.1" 200 25779 "http://tex.sh/" "Mozilla/5.0 (Macintosh; Intel Mac OS X 10_8_4) AppleWebKit/537.36 (KHTML, like Gecko) Chrome/29.0.1547.65 Safari/537.36"
158.130.152.121 - - [07/Sep/2013:21:26:40 -0700] "GET /js/jquery.min.js HTTP/1.1" 200 83712 "http://tex.sh/" "Mozilla/5.0 (Macintosh; Intel Mac OS X 10_8_4) AppleWebKit/537.36 (KHTML, like Gecko) Chrome/29.0.1547.65 Safari/537.36"
158.130.158.91 - - [07/Sep/2013:21:26:40 -0700] "GET /js/bootstrap.min.js HTTP/1.1" 200 25779 "http://tex.sh/" "Mozilla/5.0 (Macintosh; Intel Mac OS X 10_8_4) AppleWebKit/536.30.1 (KHTML, like Gecko) Version/6.0.5 Safari/536.30.1"
158.130.158.91 - - [07/Sep/2013:21:26:40 -0700] "GET /js/main.js HTTP/1.1" 200 364 "http://tex.sh/" "Mozilla/5.0 (Macintosh; Intel Mac OS X 10_8_4) AppleWebKit/536.30.1 (KHTML, like Gecko) Version/6.0.5 Safari/536.30.1"
158.130.152.121 - - [07/Sep/2013:21:26:40 -0700] "GET /css/bootstrap.min.css HTTP/1.1" 200 101358 "http://tex.sh/" "Mozilla/5.0 (Macintosh; Intel Mac OS X 10_8_4) AppleWebKit/537.36 (KHTML, like Gecko) Chrome/29.0.1547.65 Safari/537.36"
158.130.158.91 - - [07/Sep/2013:21:26:40 -0700] "GET /css/bootstrap.min.css HTTP/1.1" 200 101366 "http://tex.sh/" "Mozilla/5.0 (Macintosh; Intel Mac OS X 10_8_4) AppleWebKit/536.30.1 (KHTML, like Gecko) Version/6.0.5 Safari/536.30.1"
158.130.159.81 - - [07/Sep/2013:21:26:41 -0700] "GET / HTTP/1.1" 200 666 "-" "Mozilla/5.0 (Windows NT 6.1; WOW64) AppleWebKit/537.36 (KHTML, like Gecko) Chrome/30.0.1599.28 Safari/537.36"
158.130.158.91 - - [07/Sep/2013:21:26:41 -0700] "GET /js/jquery.min.js HTTP/1.1" 200 83712 "http://tex.sh/" "Mozilla/5.0 (Macintosh; Intel Mac OS X 10_8_4) AppleWebKit/536.30.1 (KHTML, like Gecko) Version/6.0.5 Safari/536.30.1"
158.130.152.121 - - [07/Sep/2013:21:26:41 -0700] "GET /favicon.ico HTTP/1.1" 500 291 "-" "Mozilla/5.0 (Macintosh; Intel Mac OS X 10_8_4) AppleWebKit/537.36 (KHTML, like Gecko) Chrome/29.0.1547.65 Safari/537.36"
158.130.159.81 - - [07/Sep/2013:21:26:41 -0700] "GET /js/bootstrap.min.js HTTP/1.1" 200 25779 "http://tex.sh/" "Mozilla/5.0 (Windows NT 6.1; WOW64) AppleWebKit/537.36 (KHTML, like Gecko) Chrome/30.0.1599.28 Safari/537.36"
158.130.159.81 - - [07/Sep/2013:21:26:41 -0700] "GET /js/main.js HTTP/1.1" 200 364 "http://tex.sh/" "Mozilla/5.0 (Windows NT 6.1; WOW64) AppleWebKit/537.36 (KHTML, like Gecko) Chrome/30.0.1599.28 Safari/537.36"
158.130.159.81 - - [07/Sep/2013:21:26:41 -0700] "GET /js/jquery.min.js HTTP/1.1" 200 83657 "http://tex.sh/" "Mozilla/5.0 (Windows NT 6.1; WOW64) AppleWebKit/537.36 (KHTML, like Gecko) Chrome/30.0.1599.28 Safari/537.36"
158.130.158.91 - - [07/Sep/2013:21:26:41 -0700] "GET /favicon.ico HTTP/1.1" 500 291 "http://tex.sh/" "Mozilla/5.0 (Macintosh; Intel Mac OS X 10_8_4) AppleWebKit/536.30.1 (KHTML, like Gecko) Version/6.0.5 Safari/536.30.1"
158.130.159.81 - - [07/Sep/2013:21:26:42 -0700] "GET /css/bootstrap.min.css HTTP/1.1" 200 101310 "http://tex.sh/" "Mozilla/5.0 (Windows NT 6.1; WOW64) AppleWebKit/537.36 (KHTML, like Gecko) Chrome/30.0.1599.28 Safari/537.36"
158.130.159.81 - - [07/Sep/2013:21:26:42 -0700] "GET /favicon.ico HTTP/1.1" 500 291 "-" "Mozilla/5.0 (Windows NT 6.1; WOW64) AppleWebKit/537.36 (KHTML, like Gecko) Chrome/30.0.1599.28 Safari/537.36"
158.130.159.81 - - [07/Sep/2013:21:26:49 -0700] "GET /tex/$x%5E2$.png HTTP/1.1" 200 680 "http://tex.sh/" "Mozilla/5.0 (Windows NT 6.1; WOW64) AppleWebKit/537.36 (KHTML, like Gecko) Chrome/30.0.1599.28 Safari/537.36"
158.130.158.91 - - [07/Sep/2013:21:26:55 -0700] "GET /tex/$Booster$.png HTTP/1.1" 200 1250 "http://tex.sh/" "Mozilla/5.0 (Macintosh; Intel Mac OS X 10_8_4) AppleWebKit/536.30.1 (KHTML, like Gecko) Version/6.0.5 Safari/536.30.1"
158.130.159.81 - - [07/Sep/2013:21:26:59 -0700] "GET /tex/$x%5E2_2$.png HTTP/1.1" 200 733 "http://tex.sh/" "Mozilla/5.0 (Windows NT 6.1; WOW64) AppleWebKit/537.36 (KHTML, like Gecko) Chrome/30.0.1599.28 Safari/537.36"
158.130.158.91 - - [07/Sep/2013:21:27:00 -0700] "GET /tex/$Helllo$.png HTTP/1.1" 200 992 "http://tex.sh/" "Mozilla/5.0 (Macintosh; Intel Mac OS X 10_8_4) AppleWebKit/536.30.1 (KHTML, like Gecko) Version/6.0.5 Safari/536.30.1"
158.130.152.121 - - [07/Sep/2013:21:27:04 -0700] "GET /tex/$for$.png HTTP/1.1" 200 863 "http://tex.sh/" "Mozilla/5.0 (Macintosh; Intel Mac OS X 10_8_4) AppleWebKit/537.36 (KHTML, like Gecko) Chrome/29.0.1547.65 Safari/537.36"
158.130.158.91 - - [07/Sep/2013:21:27:05 -0700] "GET /tex/$3+3$.png HTTP/1.1" 200 734 "http://tex.sh/" "Mozilla/5.0 (Macintosh; Intel Mac OS X 10_8_4) AppleWebKit/536.30.1 (KHTML, like Gecko) Version/6.0.5 Safari/536.30.1"
158.130.159.81 - - [07/Sep/2013:21:27:19 -0700] "GET /tex/$$Ca$%5E40_20$.png HTTP/1.1" 200 1309 "http://tex.sh/" "Mozilla/5.0 (Windows NT 6.1; WOW64) AppleWebKit/537.36 (KHTML, like Gecko) Chrome/30.0.1599.28 Safari/537.36"
158.130.159.81 - - [07/Sep/2013:21:27:26 -0700] "GET /favicon.ico HTTP/1.1" 500 291 "-" "Mozilla/5.0 (Windows NT 6.1; WOW64) AppleWebKit/537.36 (KHTML, like Gecko) Chrome/30.0.1599.28 Safari/537.36"
158.130.159.81 - - [07/Sep/2013:21:27:41 -0700] "GET /tex/$x%5E2$ HTTP/1.1" 200 680 "-" "Mozilla/5.0 (Windows NT 6.1; WOW64) AppleWebKit/537.36 (KHTML, like Gecko) Chrome/30.0.1599.28 Safari/537.36"
158.130.159.81 - - [07/Sep/2013:21:27:41 -0700] "GET /favicon.ico HTTP/1.1" 500 291 "-" "Mozilla/5.0 (Windows NT 6.1; WOW64) AppleWebKit/537.36 (KHTML, like Gecko) Chrome/30.0.1599.28 Safari/537.36"
158.130.158.91 - - [07/Sep/2013:21:27:51 -0700] "GET /tex/$%20/documentclass{minimal}%20/usepackage{xstring}%20/def/ReplaceStr HTTP/1.1" 500 291 "http://tex.sh/" "Mozilla/5.0 (Macintosh; Intel Mac OS X 10_8_4) AppleWebKit/536.30.1 (KHTML, like Gecko) Version/6.0.5 Safari/536.30.1"
158.130.152.121 - - [07/Sep/2013:21:27:51 -0700] "GET /tex/$x%5E2$.png HTTP/1.1" 200 680 "http://tex.sh/" "Mozilla/5.0 (Macintosh; Intel Mac OS X 10_8_4) AppleWebKit/537.36 (KHTML, like Gecko) Chrome/29.0.1547.65 Safari/537.36"
158.130.159.81 - - [07/Sep/2013:21:27:52 -0700] "GET /favicon.ico HTTP/1.1" 500 291 "-" "Mozilla/5.0 (Windows NT 6.1; WOW64) AppleWebKit/537.36 (KHTML, like Gecko) Chrome/30.0.1599.28 Safari/537.36"
158.130.158.91 - - [07/Sep/2013:21:27:58 -0700] "GET /graph HTTP/1.1" 500 291 "-" "Mozilla/5.0 (Macintosh; Intel Mac OS X 10_8_4) AppleWebKit/536.30.1 (KHTML, like Gecko) Version/6.0.5 Safari/536.30.1"
158.130.159.81 - - [07/Sep/2013:21:27:59 -0700] "GET /graph HTTP/1.1" 500 291 "-" "Mozilla/5.0 (Windows NT 6.1; WOW64) AppleWebKit/537.36 (KHTML, like Gecko) Chrome/30.0.1599.28 Safari/537.36"
158.130.152.121 - - [07/Sep/2013:21:27:59 -0700] "GET /tex/$x%5E9%5E2$.png HTTP/1.1" 500 291 "http://tex.sh/" "Mozilla/5.0 (Macintosh; Intel Mac OS X 10_8_4) AppleWebKit/537.36 (KHTML, like Gecko) Chrome/29.0.1547.65 Safari/537.36"
158.130.159.81 - - [07/Sep/2013:21:27:59 -0700] "GET /favicon.ico HTTP/1.1" 500 291 "-" "Mozilla/5.0 (Windows NT 6.1; WOW64) AppleWebKit/537.36 (KHTML, like Gecko) Chrome/30.0.1599.28 Safari/537.36"
158.130.159.81 - - [07/Sep/2013:21:28:00 -0700] "GET /graph/ HTTP/1.1" 404 209 "-" "Mozilla/5.0 (Windows NT 6.1; WOW64) AppleWebKit/537.36 (KHTML, like Gecko) Chrome/30.0.1599.28 Safari/537.36"
158.130.159.81 - - [07/Sep/2013:21:28:00 -0700] "GET /favicon.ico HTTP/1.1" 500 291 "-" "Mozilla/5.0 (Windows NT 6.1; WOW64) AppleWebKit/537.36 (KHTML, like Gecko) Chrome/30.0.1599.28 Safari/537.36"
158.130.152.121 - - [07/Sep/2013:21:28:05 -0700] "GET /tex/x%5E2 HTTP/1.1" 200 680 "-" "Mozilla/5.0 (Macintosh; Intel Mac OS X 10_8_4) AppleWebKit/537.36 (KHTML, like Gecko) Chrome/29.0.1547.65 Safari/537.36"
158.130.152.121 - - [07/Sep/2013:21:28:05 -0700] "GET /favicon.ico HTTP/1.1" 500 291 "-" "Mozilla/5.0 (Macintosh; Intel Mac OS X 10_8_4) AppleWebKit/537.36 (KHTML, like Gecko) Chrome/29.0.1547.65 Safari/537.36"
158.130.158.91 - - [07/Sep/2013:21:28:08 -0700] "GET /graph/xcode HTTP/1.1" 200 10692 "-" "Mozilla/5.0 (Macintosh; Intel Mac OS X 10_8_4) AppleWebKit/536.30.1 (KHTML, like Gecko) Version/6.0.5 Safari/536.30.1"
158.130.152.121 - - [07/Sep/2013:21:28:08 -0700] "GET /favicon.ico HTTP/1.1" 500 291 "-" "Mozilla/5.0 (Macintosh; Intel Mac OS X 10_8_4) AppleWebKit/537.36 (KHTML, like Gecko) Chrome/29.0.1547.65 Safari/537.36"
158.130.159.81 - - [07/Sep/2013:21:28:11 -0700] "GET /graph/$x%5E2$ HTTP/1.1" 200 10692 "-" "Mozilla/5.0 (Windows NT 6.1; WOW64) AppleWebKit/537.36 (KHTML, like Gecko) Chrome/30.0.1599.28 Safari/537.36"
158.130.159.81 - - [07/Sep/2013:21:28:11 -0700] "GET /favicon.ico HTTP/1.1" 500 291 "-" "Mozilla/5.0 (Windows NT 6.1; WOW64) AppleWebKit/537.36 (KHTML, like Gecko) Chrome/30.0.1599.28 Safari/537.36"
158.130.158.91 - - [07/Sep/2013:21:28:20 -0700] "GET /graph/3+4 HTTP/1.1" 200 7321 "-" "Mozilla/5.0 (Macintosh; Intel Mac OS X 10_8_4) AppleWebKit/536.30.1 (KHTML, like Gecko) Version/6.0.5 Safari/536.30.1"
158.130.159.81 - - [07/Sep/2013:21:28:22 -0700] "GET /graph/$sinx$ HTTP/1.1" 200 7321 "-" "Mozilla/5.0 (Windows NT 6.1; WOW64) AppleWebKit/537.36 (KHTML, like Gecko) Chrome/30.0.1599.28 Safari/537.36"
158.130.152.121 - - [07/Sep/2013:21:28:22 -0700] "GET /tex/$x%5E2 HTTP/1.1" 200 680 "-" "Mozilla/5.0 (Macintosh; Intel Mac OS X 10_8_4) AppleWebKit/537.36 (KHTML, like Gecko) Chrome/29.0.1547.65 Safari/537.36"
158.130.159.81 - - [07/Sep/2013:21:28:22 -0700] "GET /favicon.ico HTTP/1.1" 500 291 "-" "Mozilla/5.0 (Windows NT 6.1; WOW64) AppleWebKit/537.36 (KHTML, like Gecko) Chrome/30.0.1599.28 Safari/537.36"
158.130.152.121 - - [07/Sep/2013:21:28:22 -0700] "GET /favicon.ico HTTP/1.1" 500 291 "-" "Mozilla/5.0 (Macintosh; Intel Mac OS X 10_8_4) AppleWebKit/537.36 (KHTML, like Gecko) Chrome/29.0.1547.65 Safari/537.36"
158.130.159.81 - - [07/Sep/2013:21:28:30 -0700] "GET /graph/$sin(x)$ HTTP/1.1" 200 7321 "-" "Mozilla/5.0 (Windows NT 6.1; WOW64) AppleWebKit/537.36 (KHTML, like Gecko) Chrome/30.0.1599.28 Safari/537.36"
158.130.159.81 - - [07/Sep/2013:21:28:30 -0700] "GET /favicon.ico HTTP/1.1" 500 291 "-" "Mozilla/5.0 (Windows NT 6.1; WOW64) AppleWebKit/537.36 (KHTML, like Gecko) Chrome/30.0.1599.28 Safari/537.36"
158.130.158.91 - - [07/Sep/2013:21:28:34 -0700] "GET /graph/.5x+4 HTTP/1.1" 200 7321 "-" "Mozilla/5.0 (Macintosh; Intel Mac OS X 10_8_4) AppleWebKit/536.30.1 (KHTML, like Gecko) Version/6.0.5 Safari/536.30.1"
158.130.159.81 - - [07/Sep/2013:21:28:34 -0700] "GET /graph/$sin(x)$ HTTP/1.1" 200 7321 "-" "Mozilla/5.0 (Windows NT 6.1; WOW64) AppleWebKit/537.36 (KHTML, like Gecko) Chrome/30.0.1599.28 Safari/537.36"
158.130.159.81 - - [07/Sep/2013:21:28:35 -0700] "GET /favicon.ico HTTP/1.1" 500 291 "-" "Mozilla/5.0 (Windows NT 6.1; WOW64) AppleWebKit/537.36 (KHTML, like Gecko) Chrome/30.0.1599.28 Safari/537.36"
158.130.159.81 - - [07/Sep/2013:21:28:37 -0700] "GET /favicon.ico HTTP/1.1" 500 291 "-" "Mozilla/5.0 (Windows NT 6.1; WOW64) AppleWebKit/537.36 (KHTML, like Gecko) Chrome/30.0.1599.28 Safari/537.36"
158.130.159.81 - - [07/Sep/2013:21:28:38 -0700] "GET /favicon.ico HTTP/1.1" 500 291 "-" "Mozilla/5.0 (Windows NT 6.1; WOW64) AppleWebKit/537.36 (KHTML, like Gecko) Chrome/30.0.1599.28 Safari/537.36"
158.130.159.81 - - [07/Sep/2013:21:28:38 -0700] "GET /favicon.ico HTTP/1.1" 500 291 "-" "Mozilla/5.0 (Windows NT 6.1; WOW64) AppleWebKit/537.36 (KHTML, like Gecko) Chrome/30.0.1599.28 Safari/537.36"
158.130.159.81 - - [07/Sep/2013:21:28:38 -0700] "GET /favicon.ico HTTP/1.1" 500 291 "-" "Mozilla/5.0 (Windows NT 6.1; WOW64) AppleWebKit/537.36 (KHTML, like Gecko) Chrome/30.0.1599.28 Safari/537.36"
158.130.159.81 - - [07/Sep/2013:21:28:39 -0700] "GET /favicon.ico HTTP/1.1" 500 291 "-" "Mozilla/5.0 (Windows NT 6.1; WOW64) AppleWebKit/537.36 (KHTML, like Gecko) Chrome/30.0.1599.28 Safari/537.36"
158.130.159.81 - - [07/Sep/2013:21:28:40 -0700] "GET /favicon.ico HTTP/1.1" 500 291 "-" "Mozilla/5.0 (Windows NT 6.1; WOW64) AppleWebKit/537.36 (KHTML, like Gecko) Chrome/30.0.1599.28 Safari/537.36"
158.130.159.81 - - [07/Sep/2013:21:29:00 -0700] "GET /tex/$$Ca$%5E%7B40%7D_%7B20%7D$.png HTTP/1.1" 200 1233 "http://tex.sh/" "Mozilla/5.0 (Windows NT 6.1; WOW64) AppleWebKit/537.36 (KHTML, like Gecko) Chrome/30.0.1599.28 Safari/537.36"
158.130.159.81 - - [07/Sep/2013:21:29:11 -0700] "GET /tex/$$Ca$%5E%7B40%7D_%7B20%7D$.png HTTP/1.1" 200 1233 "-" "Mozilla/5.0 (Windows NT 6.1; WOW64) AppleWebKit/537.36 (KHTML, like Gecko) Chrome/30.0.1599.28 Safari/537.36"
158.130.159.81 - - [07/Sep/2013:21:29:11 -0700] "GET /favicon.ico HTTP/1.1" 500 291 "-" "Mozilla/5.0 (Windows NT 6.1; WOW64) AppleWebKit/537.36 (KHTML, like Gecko) Chrome/30.0.1599.28 Safari/537.36"
158.130.156.168 - - [07/Sep/2013:21:36:34 -0700] "GET / HTTP/1.1" 200 666 "-" "Mozilla/5.0 (Macintosh; Intel Mac OS X 10_8_4) AppleWebKit/537.36 (KHTML, like Gecko) Chrome/31.0.1624.0 Safari/537.36"
158.130.156.168 - - [07/Sep/2013:21:36:34 -0700] "GET /js/bootstrap.min.js HTTP/1.1" 200 25779 "http://tex.sh/" "Mozilla/5.0 (Macintosh; Intel Mac OS X 10_8_4) AppleWebKit/537.36 (KHTML, like Gecko) Chrome/31.0.1624.0 Safari/537.36"
158.130.156.168 - - [07/Sep/2013:21:36:34 -0700] "GET /js/main.js HTTP/1.1" 200 364 "http://tex.sh/" "Mozilla/5.0 (Macintosh; Intel Mac OS X 10_8_4) AppleWebKit/537.36 (KHTML, like Gecko) Chrome/31.0.1624.0 Safari/537.36"
158.130.156.168 - - [07/Sep/2013:21:36:35 -0700] "GET /js/jquery.min.js HTTP/1.1" 200 83712 "http://tex.sh/" "Mozilla/5.0 (Macintosh; Intel Mac OS X 10_8_4) AppleWebKit/537.36 (KHTML, like Gecko) Chrome/31.0.1624.0 Safari/537.36"
158.130.156.168 - - [07/Sep/2013:21:36:35 -0700] "GET /css/bootstrap.min.css HTTP/1.1" 200 101358 "http://tex.sh/" "Mozilla/5.0 (Macintosh; Intel Mac OS X 10_8_4) AppleWebKit/537.36 (KHTML, like Gecko) Chrome/31.0.1624.0 Safari/537.36"
66.90.153.237 - - [07/Sep/2013:21:36:55 -0700] "GET / HTTP/1.1" 200 666 "-" "Mozilla/5.0 (Macintosh; Intel Mac OS X 10.8; rv:23.0) Gecko/20100101 Firefox/23.0"
66.90.153.237 - - [07/Sep/2013:21:36:55 -0700] "GET /js/main.js HTTP/1.1" 200 364 "http://tex.sh/" "Mozilla/5.0 (Macintosh; Intel Mac OS X 10.8; rv:23.0) Gecko/20100101 Firefox/23.0"
66.90.153.237 - - [07/Sep/2013:21:36:55 -0700] "GET /js/bootstrap.min.js HTTP/1.1" 200 25779 "http://tex.sh/" "Mozilla/5.0 (Macintosh; Intel Mac OS X 10.8; rv:23.0) Gecko/20100101 Firefox/23.0"
66.90.153.237 - - [07/Sep/2013:21:36:55 -0700] "GET /js/jquery.min.js HTTP/1.1" 200 83712 "http://tex.sh/" "Mozilla/5.0 (Macintosh; Intel Mac OS X 10.8; rv:23.0) Gecko/20100101 Firefox/23.0"
66.90.153.237 - - [07/Sep/2013:21:36:55 -0700] "GET /css/bootstrap.min.css HTTP/1.1" 200 101366 "http://tex.sh/" "Mozilla/5.0 (Macintosh; Intel Mac OS X 10.8; rv:23.0) Gecko/20100101 Firefox/23.0"
66.90.153.237 - - [07/Sep/2013:21:36:56 -0700] "GET /favicon.ico HTTP/1.1" 500 291 "-" "Mozilla/5.0 (Macintosh; Intel Mac OS X 10.8; rv:23.0) Gecko/20100101 Firefox/23.0"
66.90.153.237 - - [07/Sep/2013:21:36:56 -0700] "GET /favicon.ico HTTP/1.1" 500 291 "-" "Mozilla/5.0 (Macintosh; Intel Mac OS X 10.8; rv:23.0) Gecko/20100101 Firefox/23.0"
158.130.156.168 - - [07/Sep/2013:21:36:58 -0700] "GET / HTTP/1.1" 200 666 "-" "Mozilla/5.0 (Macintosh; Intel Mac OS X 10_8_4) AppleWebKit/537.36 (KHTML, like Gecko) Chrome/31.0.1624.0 Safari/537.36"
158.130.156.168 - - [07/Sep/2013:21:36:58 -0700] "GET /js/bootstrap.min.js HTTP/1.1" 200 25779 "http://tex.sh/" "Mozilla/5.0 (Macintosh; Intel Mac OS X 10_8_4) AppleWebKit/537.36 (KHTML, like Gecko) Chrome/31.0.1624.0 Safari/537.36"
158.130.156.168 - - [07/Sep/2013:21:36:58 -0700] "GET /js/main.js HTTP/1.1" 200 364 "http://tex.sh/" "Mozilla/5.0 (Macintosh; Intel Mac OS X 10_8_4) AppleWebKit/537.36 (KHTML, like Gecko) Chrome/31.0.1624.0 Safari/537.36"
158.130.156.168 - - [07/Sep/2013:21:36:59 -0700] "GET /js/jquery.min.js HTTP/1.1" 200 83712 "http://tex.sh/" "Mozilla/5.0 (Macintosh; Intel Mac OS X 10_8_4) AppleWebKit/537.36 (KHTML, like Gecko) Chrome/31.0.1624.0 Safari/537.36"
158.130.156.168 - - [07/Sep/2013:21:36:59 -0700] "GET /css/bootstrap.min.css HTTP/1.1" 200 101358 "http://tex.sh/" "Mozilla/5.0 (Macintosh; Intel Mac OS X 10_8_4) AppleWebKit/537.36 (KHTML, like Gecko) Chrome/31.0.1624.0 Safari/537.36"
66.90.153.237 - - [07/Sep/2013:21:37:35 -0700] "GET /tex/$frac%7B2%7D%7B3%7D$.png HTTP/1.1" 200 1358 "http://tex.sh/" "Mozilla/5.0 (Macintosh; Intel Mac OS X 10.8; rv:23.0) Gecko/20100101 Firefox/23.0"
66.90.153.237 - - [07/Sep/2013:21:37:42 -0700] "GET /tex/$frac%7B2%7D%7B3%7D$.png HTTP/1.1" 200 1358 "http://tex.sh/" "Mozilla/5.0 (Macintosh; Intel Mac OS X 10.8; rv:23.0) Gecko/20100101 Firefox/23.0"
108.70.153.173 - - [07/Sep/2013:21:39:35 -0700] "GET / HTTP/1.1" 200 666 "http://www.google.com/url?q=http%3A%2F%2Ftex.sh%2F&sa=D&sntz=1&usg=AFQjCNHtLeOe-4XuI6ljXmsVIvwkapmLzQ" "Mozilla/5.0 (Windows NT 6.1; WOW64) AppleWebKit/537.36 (KHTML, like Gecko) Chrome/29.0.1547.66 Safari/537.36"
108.70.153.173 - - [07/Sep/2013:21:39:36 -0700] "GET /js/jquery.min.js HTTP/1.1" 200 83689 "http://tex.sh/" "Mozilla/5.0 (Windows NT 6.1; WOW64) AppleWebKit/537.36 (KHTML, like Gecko) Chrome/29.0.1547.66 Safari/537.36"
108.70.153.173 - - [07/Sep/2013:21:39:36 -0700] "GET /js/main.js HTTP/1.1" 200 364 "http://tex.sh/" "Mozilla/5.0 (Windows NT 6.1; WOW64) AppleWebKit/537.36 (KHTML, like Gecko) Chrome/29.0.1547.66 Safari/537.36"
108.70.153.173 - - [07/Sep/2013:21:39:36 -0700] "GET /js/bootstrap.min.js HTTP/1.1" 200 25779 "http://tex.sh/" "Mozilla/5.0 (Windows NT 6.1; WOW64) AppleWebKit/537.36 (KHTML, like Gecko) Chrome/29.0.1547.66 Safari/537.36"
108.70.153.173 - - [07/Sep/2013:21:39:36 -0700] "GET /css/bootstrap.min.css HTTP/1.1" 200 101342 "http://tex.sh/" "Mozilla/5.0 (Windows NT 6.1; WOW64) AppleWebKit/537.36 (KHTML, like Gecko) Chrome/29.0.1547.66 Safari/537.36"
108.70.153.173 - - [07/Sep/2013:21:39:36 -0700] "GET /favicon.ico HTTP/1.1" 500 291 "-" "Mozilla/5.0 (Windows NT 6.1; WOW64) AppleWebKit/537.36 (KHTML, like Gecko) Chrome/29.0.1547.66 Safari/537.36"
158.130.152.138 - - [07/Sep/2013:21:42:53 -0700] "GET / HTTP/1.1" 200 666 "-" "Mozilla/5.0 (X11; Ubuntu; Linux x86_64; rv:23.0) Gecko/20100101 Firefox/23.0"
158.130.152.138 - - [07/Sep/2013:21:42:54 -0700] "GET /js/main.js HTTP/1.1" 200 364 "http://tex.sh/" "Mozilla/5.0 (X11; Ubuntu; Linux x86_64; rv:23.0) Gecko/20100101 Firefox/23.0"
158.130.152.138 - - [07/Sep/2013:21:42:54 -0700] "GET /js/jquery.min.js HTTP/1.1" 200 83657 "http://tex.sh/" "Mozilla/5.0 (X11; Ubuntu; Linux x86_64; rv:23.0) Gecko/20100101 Firefox/23.0"
158.130.152.138 - - [07/Sep/2013:21:42:54 -0700] "GET /js/bootstrap.min.js HTTP/1.1" 200 25779 "http://tex.sh/" "Mozilla/5.0 (X11; Ubuntu; Linux x86_64; rv:23.0) Gecko/20100101 Firefox/23.0"
158.130.152.138 - - [07/Sep/2013:21:42:55 -0700] "GET /css/bootstrap.min.css HTTP/1.1" 200 101310 "http://tex.sh/" "Mozilla/5.0 (X11; Ubuntu; Linux x86_64; rv:23.0) Gecko/20100101 Firefox/23.0"
158.130.152.138 - - [07/Sep/2013:21:43:16 -0700] "GET /x HTTP/1.1" 500 291 "-" "Mozilla/5.0 (X11; Ubuntu; Linux x86_64; rv:23.0) Gecko/20100101 Firefox/23.0"
158.130.152.138 - - [07/Sep/2013:21:51:54 -0700] "GET / HTTP/1.1" 200 666 "-" "Mozilla/5.0 (X11; Ubuntu; Linux x86_64; rv:23.0) Gecko/20100101 Firefox/23.0"
158.130.152.138 - - [07/Sep/2013:21:51:59 -0700] "GET /js/jquery.min.js HTTP/1.1" 200 83657 "http://tex.sh/" "Mozilla/5.0 (X11; Ubuntu; Linux x86_64; rv:23.0) Gecko/20100101 Firefox/23.0"
158.130.152.138 - - [07/Sep/2013:21:52:00 -0700] "GET /js/main.js HTTP/1.1" 200 364 "http://tex.sh/" "Mozilla/5.0 (X11; Ubuntu; Linux x86_64; rv:23.0) Gecko/20100101 Firefox/23.0"
158.130.152.138 - - [07/Sep/2013:21:52:00 -0700] "GET /js/bootstrap.min.js HTTP/1.1" 200 25779 "http://tex.sh/" "Mozilla/5.0 (X11; Ubuntu; Linux x86_64; rv:23.0) Gecko/20100101 Firefox/23.0"
158.130.152.138 - - [07/Sep/2013:21:52:02 -0700] "GET /css/bootstrap.min.css HTTP/1.1" 200 101310 "http://tex.sh/" "Mozilla/5.0 (X11; Ubuntu; Linux x86_64; rv:23.0) Gecko/20100101 Firefox/23.0"
158.130.152.138 - - [07/Sep/2013:22:05:38 -0700] "GET / HTTP/1.1" 200 666 "-" "Mozilla/5.0 (X11; Ubuntu; Linux x86_64; rv:23.0) Gecko/20100101 Firefox/23.0"
158.130.152.138 - - [07/Sep/2013:22:05:38 -0700] "GET /js/main.js HTTP/1.1" 200 364 "http://tex.sh/" "Mozilla/5.0 (X11; Ubuntu; Linux x86_64; rv:23.0) Gecko/20100101 Firefox/23.0"
158.130.152.138 - - [07/Sep/2013:22:05:38 -0700] "GET /js/jquery.min.js HTTP/1.1" 200 83657 "http://tex.sh/" "Mozilla/5.0 (X11; Ubuntu; Linux x86_64; rv:23.0) Gecko/20100101 Firefox/23.0"
158.130.152.138 - - [07/Sep/2013:22:05:38 -0700] "GET /js/bootstrap.min.js HTTP/1.1" 200 25779 "http://tex.sh/" "Mozilla/5.0 (X11; Ubuntu; Linux x86_64; rv:23.0) Gecko/20100101 Firefox/23.0"
158.130.152.138 - - [07/Sep/2013:22:05:38 -0700] "GET /css/bootstrap.min.css HTTP/1.1" 200 101310 "http://tex.sh/" "Mozilla/5.0 (X11; Ubuntu; Linux x86_64; rv:23.0) Gecko/20100101 Firefox/23.0"
204.236.192.191 - - [07/Sep/2013:22:46:02 -0700] "GET /tex/$LaTeX$.png HTTP/1.1" 200 1199 "-" "Camo Asset Proxy 1.1.2"
204.236.192.191 - - [07/Sep/2013:22:54:49 -0700] "GET /tex/$integral_%7B-infty%7D%5E%7Binfty%7Df(t HTTP/1.1" 200 2719 "-" "Camo Asset Proxy 1.1.2"
204.236.192.191 - - [07/Sep/2013:22:56:35 -0700] "GET /tex/$int%7B-infty%7D%5E%7Binfty%7Df(t HTTP/1.1" 200 2363 "-" "Camo Asset Proxy 1.1.2"
204.236.192.191 - - [07/Sep/2013:22:56:53 -0700] "GET /tex/$int%7B-infty%7D%5E%7Binfty%7Df(t)e%5E%7B-2pi%20iomega%20t%7Ddt$.png HTTP/1.1" 200 3904 "-" "Camo Asset Proxy 1.1.2"
158.130.152.138 - - [07/Sep/2013:22:56:56 -0700] "GET / HTTP/1.1" 200 666 "-" "Mozilla/5.0 (X11; Ubuntu; Linux x86_64; rv:23.0) Gecko/20100101 Firefox/23.0"
158.130.152.138 - - [07/Sep/2013:22:56:57 -0700] "GET /js/main.js HTTP/1.1" 200 364 "http://tex.sh/" "Mozilla/5.0 (X11; Ubuntu; Linux x86_64; rv:23.0) Gecko/20100101 Firefox/23.0"
158.130.152.138 - - [07/Sep/2013:22:56:57 -0700] "GET /js/bootstrap.min.js HTTP/1.1" 200 25779 "http://tex.sh/" "Mozilla/5.0 (X11; Ubuntu; Linux x86_64; rv:23.0) Gecko/20100101 Firefox/23.0"
158.130.152.138 - - [07/Sep/2013:22:56:57 -0700] "GET /js/jquery.min.js HTTP/1.1" 200 83657 "http://tex.sh/" "Mozilla/5.0 (X11; Ubuntu; Linux x86_64; rv:23.0) Gecko/20100101 Firefox/23.0"
158.130.152.138 - - [07/Sep/2013:22:56:57 -0700] "GET /css/bootstrap.min.css HTTP/1.1" 200 101310 "http://tex.sh/" "Mozilla/5.0 (X11; Ubuntu; Linux x86_64; rv:23.0) Gecko/20100101 Firefox/23.0"
158.130.152.138 - - [07/Sep/2013:22:57:40 -0700] "GET /tex/$%5Cint_%7B-%5Cinfty%7D%5E%7B%5Cinfty%7D%20f(t)e%5E%7B-2%5Cpi%20i%5Comega%20t%7Ddt$.png HTTP/1.1" 200 2558 "http://tex.sh/" "Mozilla/5.0 (X11; Ubuntu; Linux x86_64; rv:23.0) Gecko/20100101 Firefox/23.0"
158.130.152.138 - - [07/Sep/2013:22:57:54 -0700] "GET /$%5Cint_%7B-%5Cinfty%7D%5E%7B%5Cinfty%7D%20f(t)e%5E%7B-2%5Cpi%20i%5Comega%20t%7Ddt$ HTTP/1.1" 500 291 "-" "Mozilla/5.0 (X11; Ubuntu; Linux x86_64; rv:23.0) Gecko/20100101 Firefox/23.0"
158.130.152.138 - - [07/Sep/2013:22:58:00 -0700] "GET /$%5Cint_%7B-%5Cinfty%7D%5E%7B%5Cinfty%7D%20f(t)e%5E%7B-2%5Cpi%20i%5Comega%20t%7Ddt$.png HTTP/1.1" 500 291 "-" "Mozilla/5.0 (X11; Ubuntu; Linux x86_64; rv:23.0) Gecko/20100101 Firefox/23.0"
158.130.152.138 - - [07/Sep/2013:22:58:05 -0700] "GET /tex/$%5Cint_%7B-%5Cinfty%7D%5E%7B%5Cinfty%7D%20f(t)e%5E%7B-2%5Cpi%20i%5Comega%20t%7Ddt$.png HTTP/1.1" 200 2558 "-" "Mozilla/5.0 (X11; Ubuntu; Linux x86_64; rv:23.0) Gecko/20100101 Firefox/23.0"
66.220.152.114 - - [07/Sep/2013:22:58:48 -0700] "GET /tex/$%5Cint_%7B-%5Cinfty%7D%5E%7B%5Cinfty%7D%20f%28t%29e%5E%7B-2%5Cpi%20i%5Comega%20t%7Ddt$.png HTTP/1.1" 200 2558 "-" "facebookexternalhit/1.1 (+http://www.facebook.com/externalhit_uatext.php)"
66.220.152.117 - - [07/Sep/2013:22:58:49 -0700] "GET /tex/$%5Cint_%7B-%5Cinfty%7D%5E%7B%5Cinfty%7D%20f(t)e%5E%7B-2%5Cpi%20i%5Comega%20t%7Ddt$.png HTTP/1.1" 200 2558 "http://tex.sh/tex/$%5Cint_%7B-%5Cinfty%7D%5E%7B%5Cinfty%7D%20f%28t%29e%5E%7B-2%5Cpi%20i%5Comega%20t%7Ddt$.png" "facebookexternalhit/1.1 (+http://www.facebook.com/externalhit_uatext.php)"
173.252.103.7 - - [07/Sep/2013:22:58:50 -0700] "GET /tex/$%5Cint_%7B-%5Cinfty%7D%5E%7B%5Cinfty%7D%20f(t)e%5E%7B-2%5Cpi%20i%5Comega%20t%7Ddt$.png HTTP/1.1" 200 2558 "-" "facebookexternalhit/1.1 (+http://www.facebook.com/externalhit_uatext.php)"
173.252.103.1 - - [07/Sep/2013:22:58:50 -0700] "GET /tex/$%5Cint_%7B-%5Cinfty%7D%5E%7B%5Cinfty%7D%20f(t)e%5E%7B-2%5Cpi%20i%5Comega%20t%7Ddt$.png HTTP/1.1" 200 2558 "-" "facebookexternalhit/1.1 (+http://www.facebook.com/externalhit_uatext.php)"
69.171.241.245 - - [07/Sep/2013:22:58:50 -0700] "GET /tex/$%5Cint_%7B-%5Cinfty%7D%5E%7B%5Cinfty%7D%20f(t)e%5E%7B-2%5Cpi%20i%5Comega%20t%7Ddt$.png HTTP/1.1" 200 2558 "-" "-"
158.130.156.168 - - [07/Sep/2013:22:59:08 -0700] "GET /tex/$%5Cint_%7B-%5Cinfty%7D%5E%7B%5Cinfty%7D%20f%28t%29e%5E%7B-2%5Cpi%20i%5Comega%20t%7Ddt$.png HTTP/1.1" 200 2558 "https://www.facebook.com/" "Mozilla/5.0 (Macintosh; Intel Mac OS X 10_8_4) AppleWebKit/537.36 (KHTML, like Gecko) Chrome/31.0.1624.0 Safari/537.36"
158.130.152.138 - - [07/Sep/2013:22:59:12 -0700] "GET /tex/$%5Cint_%7B-%5Cinfty%7D%5E%7B%5Cinfty%7D%20f%28t%29e%5E%7B-2%5Cpi%20i%5Comega%20t%7Ddt$.png HTTP/1.1" 200 2558 "http://www.facebook.com/l.php?u=http%3A%2F%2Ftex.sh%2Ftex%2F%24%255Cint_%257B-%255Cinfty%257D%255E%257B%255Cinfty%257D%2520f%2528t%2529e%255E%257B-2%255Cpi%2520i%255Comega%2520t%257Ddt%24.png&h=gAQFhyKVJ" "Mozilla/5.0 (X11; Ubuntu; Linux x86_64; rv:23.0) Gecko/20100101 Firefox/23.0"
66.220.152.116 - - [07/Sep/2013:22:59:56 -0700] "GET //tex/$int_%7B-infty%7D%5E%7Binfty HTTP/1.1" 500 291 "-" "facebookexternalhit/1.1 (+http://www.facebook.com/externalhit_uatext.php)"
158.130.156.168 - - [07/Sep/2013:23:00:11 -0700] "GET /tex/$tex.sh/tex/$/int_%7B-/infty%7D%5E%7B/infty%7D%20f(t)e%5E%7B-2/pi%20i/omega%20t%7Ddt$.png%20http://tex.sh//tex/$int_%7B-infty%7D%5E%7Binfty$.png HTTP/1.1" 500 291 "http://tex.sh/" "Mozilla/5.0 (Macintosh; Intel Mac OS X 10_8_4) AppleWebKit/537.36 (KHTML, like Gecko) Chrome/31.0.1624.0 Safari/537.36"
158.130.152.138 - - [07/Sep/2013:23:01:06 -0700] "GET /tex/$%5Cint_%7B-%5Cinfty%7D%5E%7B%5Cinfty%7D%20f%28t%29e%5E%7B-2%5Cpi%20i%5Comega%20t%7Ddt$.png HTTP/1.1" 200 2558 "http://www.facebook.com/l.php?u=http%3A%2F%2Ftex.sh%2Ftex%2F%24%255Cint_%257B-%255Cinfty%257D%255E%257B%255Cinfty%257D%2520f%2528t%2529e%255E%257B-2%255Cpi%2520i%255Comega%2520t%257Ddt%24.png&h=gAQFhyKVJ" "Mozilla/5.0 (X11; Ubuntu; Linux x86_64; rv:23.0) Gecko/20100101 Firefox/23.0"
54.224.187.97 - - [07/Sep/2013:23:01:07 -0700] "GET /tex/$int_%7B-infty%7D%5E%7Binfty%7D%20f(t HTTP/1.1" 200 2020 "-" "Camo Asset Proxy 1.1.2"
158.130.156.168 - - [07/Sep/2013:23:01:22 -0700] "GET /tex/$%5Cint_%7B-%5Cinfty%7D%5E%7B%5Cinfty%7D%20f%28t%29e%5E%7B-2%5Cpi%20i%5Comega%20t%7Ddt$.png HTTP/1.1" 200 2558 "https://www.facebook.com/" "Mozilla/5.0 (Macintosh; Intel Mac OS X 10_8_4) AppleWebKit/537.36 (KHTML, like Gecko) Chrome/31.0.1624.0 Safari/537.36"
204.236.192.191 - - [07/Sep/2013:23:01:36 -0700] "GET /tex/$%5Cint_%7B-%5Cinfty%7D%5E%7B%5Cinfty%7D%20f%28t%29e%5E%7B-2%5Cpi%20i%5Comega%20t%7Ddt$.png HTTP/1.1" 200 2558 "-" "Camo Asset Proxy 1.1.2"
173.252.73.119 - - [07/Sep/2013:23:02:53 -0700] "GET /P(A%7CB)=frac%7BP(B%7CA)P(A)%7D%7BP(B) HTTP/1.1" 500 291 "-" "facebookexternalhit/1.1 (+http://www.facebook.com/externalhit_uatext.php)"
158.130.152.138 - - [07/Sep/2013:23:02:53 -0700] "GET /P(A%7CB)=%5Cfrac%7BP(B%7CA)P(A)%7D%7BP(B) HTTP/1.1" 500 291 "http://www.facebook.com/l.php?u=http%3A%2F%2Ftex.sh%2FP(A%7CB)%3D%255Cfrac%257BP(B%7CA)P(A)%257D%257BP(B)&h=gAQFhyKVJ" "Mozilla/5.0 (X11; Ubuntu; Linux x86_64; rv:23.0) Gecko/20100101 Firefox/23.0"
173.252.73.112 - - [07/Sep/2013:23:02:54 -0700] "GET /p(a%7Cb)=\x5Cfrac%7Bp(b%7Ca)p(a)%7D%7Bp(b HTTP/1.1" 500 291 "-" "facebookexternalhit/1.1 (+http://www.facebook.com/externalhit_uatext.php)"
158.130.152.138 - - [07/Sep/2013:23:03:09 -0700] "GET /P(A%7CB)=frac%7BP(B%7CA)P(A)%7D%7BP(B) HTTP/1.1" 500 291 "http://www.facebook.com/l.php?u=http%3A%2F%2Ftex.sh%2FP(A%257CB)%3Dfrac%257BP(B%257CA)P(A)%257D%257BP(B)&h=kAQFuyfVm&s=1" "Mozilla/5.0 (X11; Ubuntu; Linux x86_64; rv:23.0) Gecko/20100101 Firefox/23.0"
158.130.156.168 - - [07/Sep/2013:23:03:15 -0700] "GET /P(A%7CB)=frac%7BP(B%7CA)P(A)%7D%7BP(B) HTTP/1.1" 500 291 "https://www.facebook.com/" "Mozilla/5.0 (Macintosh; Intel Mac OS X 10_8_4) AppleWebKit/537.36 (KHTML, like Gecko) Chrome/31.0.1624.0 Safari/537.36"
158.130.156.168 - - [07/Sep/2013:23:03:26 -0700] "GET /tex/P(A%7CB)=/frac%7BP(B%7CA)P(A)%7D%7BP(B) HTTP/1.1" 500 291 "-" "Mozilla/5.0 (Macintosh; Intel Mac OS X 10_8_4) AppleWebKit/537.36 (KHTML, like Gecko) Chrome/31.0.1624.0 Safari/537.36"
173.252.101.119 - - [07/Sep/2013:23:03:26 -0700] "GET /tex/P(A%7CB)=/frac%7BP(B%7CA)P(A)%7D%7BP(B) HTTP/1.1" 500 291 "-" "facebookexternalhit/1.1 (+http://www.facebook.com/externalhit_uatext.php)"
173.252.101.119 - - [07/Sep/2013:23:03:27 -0700] "GET /tex/p(a%7Cb)=/frac%7Bp(b%7Ca)p(a)%7D%7Bp(b HTTP/1.1" 500 291 "-" "facebookexternalhit/1.1 (+http://www.facebook.com/externalhit_uatext.php)"
158.130.152.138 - - [07/Sep/2013:23:03:29 -0700] "GET /tex/P(A|B)=%5Cfrac%7BP(B|A)P(A)%7D%7BP(B)%7D HTTP/1.1" 200 2623 "-" "Mozilla/5.0 (X11; Ubuntu; Linux x86_64; rv:23.0) Gecko/20100101 Firefox/23.0"
158.130.156.168 - - [07/Sep/2013:23:03:35 -0700] "GET /tex/P(A%7CB)=/frac%7BP(B%7CA)P(A)%7D%7BP(B).png HTTP/1.1" 500 291 "-" "Mozilla/5.0 (Macintosh; Intel Mac OS X 10_8_4) AppleWebKit/537.36 (KHTML, like Gecko) Chrome/31.0.1624.0 Safari/537.36"
66.220.152.112 - - [07/Sep/2013:23:03:36 -0700] "GET /tex/P(A%7CB)=frac%7BP(B%7CA)P(A)%7D%7BP(B) HTTP/1.1" 500 291 "-" "facebookexternalhit/1.1 (+http://www.facebook.com/externalhit_uatext.php)"
173.252.73.117 - - [07/Sep/2013:23:03:47 -0700] "GET /tex/p(a%7Cb)=\x5Cfrac%7Bp(b%7Ca)p(a)%7D%7Bp(b HTTP/1.1" 500 291 "-" "facebookexternalhit/1.1 (+http://www.facebook.com/externalhit_uatext.php)"
158.130.152.138 - - [07/Sep/2013:23:03:47 -0700] "GET /tex/P(A%7CB)=%5Cfrac%7BP(B%7CA)P(A)%7D%7BP(B) HTTP/1.1" 500 291 "http://www.facebook.com/l.php?u=http%3A%2F%2Ftex.sh%2Ftex%2FP(A%7CB)%3D%255Cfrac%257BP(B%7CA)P(A)%257D%257BP(B)&h=gAQFhyKVJ" "Mozilla/5.0 (X11; Ubuntu; Linux x86_64; rv:23.0) Gecko/20100101 Firefox/23.0"
158.130.156.168 - - [07/Sep/2013:23:03:50 -0700] "GET /tex/P(A%7CB)=frac%7BP(B%7CA)P(A)%7D%7BP(B) HTTP/1.1" 500 291 "https://www.facebook.com/" "Mozilla/5.0 (Macintosh; Intel Mac OS X 10_8_4) AppleWebKit/537.36 (KHTML, like Gecko) Chrome/31.0.1624.0 Safari/537.36"
158.130.156.168 - - [07/Sep/2013:23:03:54 -0700] "GET /tex/P(A%7CB)=/frac%7BP(B%7CA)P(A)%7D%7BP(B) HTTP/1.1" 500 291 "-" "Mozilla/5.0 (Macintosh; Intel Mac OS X 10_8_4) AppleWebKit/537.36 (KHTML, like Gecko) Chrome/31.0.1624.0 Safari/537.36"
158.130.152.138 - - [07/Sep/2013:23:03:57 -0700] "GET /tex/P(A%7CB)=%5Cfrac%7BP(B%7CA)P(A)%7D%7BP(B) HTTP/1.1" 500 291 "http://www.facebook.com/l.php?u=http%3A%2F%2Ftex.sh%2Ftex%2FP(A%7CB)%3D%255Cfrac%257BP(B%7CA)P(A)%257D%257BP(B)&h=gAQFhyKVJ" "Mozilla/5.0 (X11; Ubuntu; Linux x86_64; rv:23.0) Gecko/20100101 Firefox/23.0"
158.130.156.168 - - [07/Sep/2013:23:04:01 -0700] "GET /tex/P(A%7CB)=/frac%7BP(B%7CA)P(A)%7D%7BP(B)%7D HTTP/1.1" 200 2623 "-" "Mozilla/5.0 (Macintosh; Intel Mac OS X 10_8_4) AppleWebKit/537.36 (KHTML, like Gecko) Chrome/31.0.1624.0 Safari/537.36"
158.130.156.168 - - [07/Sep/2013:23:04:04 -0700] "GET /tex/P(A%7CB)=/frac%7BP(B%7CA)P(A)%7D%7BP(B)%7D HTTP/1.1" 200 2623 "-" "Mozilla/5.0 (Macintosh; Intel Mac OS X 10_8_4) AppleWebKit/537.36 (KHTML, like Gecko) Chrome/31.0.1624.0 Safari/537.36"
158.130.152.138 - - [07/Sep/2013:23:04:06 -0700] "GET /tex/P(A|B)=%5Cfrac%7BP(B|A)P(A)%7D%7BP(B)%7D HTTP/1.1" 200 2623 "-" "Mozilla/5.0 (X11; Ubuntu; Linux x86_64; rv:23.0) Gecko/20100101 Firefox/23.0"
158.130.152.138 - - [07/Sep/2013:23:04:20 -0700] "GET /tex/P(A%7CB)=%5Cfrac%7BP(B%7CA)P(A)%7D%7BP(B) HTTP/1.1" 500 291 "http://www.facebook.com/l.php?u=http%3A%2F%2Ftex.sh%2Ftex%2FP(A%7CB)%3D%255Cfrac%257BP(B%7CA)P(A)%257D%257BP(B)&h=gAQFhyKVJ" "Mozilla/5.0 (X11; Ubuntu; Linux x86_64; rv:23.0) Gecko/20100101 Firefox/23.0"
158.130.156.168 - - [07/Sep/2013:23:04:23 -0700] "GET /tex/P(A%7CB)=/frac%7BP(B%7CA)P(A)%7D%7BP(B) HTTP/1.1" 500 291 "-" "Mozilla/5.0 (Macintosh; Intel Mac OS X 10_8_4) AppleWebKit/537.36 (KHTML, like Gecko) Chrome/31.0.1624.0 Safari/537.36"
169.229.108.108 - - [07/Sep/2013:23:04:57 -0700] "GET /tex/$%5Cint_%7B-%5Cinfty%7D%5E%7B%5Cinfty%7D%20f%28t%29e%5E%7B-2%5Cpi%20i%5Comega%20t%7Ddt$.png HTTP/1.1" 200 2558 "-" "Mozilla/5.0 (X11; Linux i686) AppleWebKit/537.36 (KHTML, like Gecko) Ubuntu Chromium/28.0.1500.71 Chrome/28.0.1500.71 Safari/537.36"
169.229.108.108 - - [07/Sep/2013:23:04:57 -0700] "GET /favicon.ico HTTP/1.1" 500 291 "-" "Mozilla/5.0 (X11; Linux i686) AppleWebKit/537.36 (KHTML, like Gecko) Ubuntu Chromium/28.0.1500.71 Chrome/28.0.1500.71 Safari/537.36"
54.224.187.97 - - [07/Sep/2013:23:05:00 -0700] "GET /tex/P(A%7CB HTTP/1.1" 200 1163 "-" "Camo Asset Proxy 1.1.2"
54.224.187.97 - - [07/Sep/2013:23:05:19 -0700] "GET /tex/P(A%7CB)=frac%7BP(B%7CA)P(A)%7D%7BP(B)%7D.png HTTP/1.1" 200 2976 "-" "Camo Asset Proxy 1.1.2"
158.130.156.168 - - [07/Sep/2013:23:09:03 -0700] "GET /tex/P(A%7CB)=/frac%7BP(B%7CA)P(A)%7D%7BP(B) HTTP/1.1" 500 291 "-" "Mozilla/5.0 (Macintosh; Intel Mac OS X 10_8_4) AppleWebKit/537.36 (KHTML, like Gecko) Chrome/31.0.1624.0 Safari/537.36"
158.130.156.168 - - [07/Sep/2013:23:09:03 -0700] "GET /tex/P(A%7CB)=/frac%7BP(B%7CA)P(A)%7D%7BP(B)%7D HTTP/1.1" 200 2623 "-" "Mozilla/5.0 (Macintosh; Intel Mac OS X 10_8_4) AppleWebKit/537.36 (KHTML, like Gecko) Chrome/31.0.1624.0 Safari/537.36"
158.130.152.138 - - [07/Sep/2013:23:09:26 -0700] "GET /tex/$%5Csum_%7Bi=-%5Cinfty%7D%5E%7B%5Cinfty%7D%20x%5Bn%5D%20e%5E%7B-2%5Cpi%20i%5Comega%20t%7D$ HTTP/1.1" 200 2379 "-" "Mozilla/5.0 (X11; Ubuntu; Linux x86_64; rv:23.0) Gecko/20100101 Firefox/23.0"
66.220.152.112 - - [07/Sep/2013:23:09:36 -0700] "GET /tex/$sum_%7Bi=-infty%7D%5E%7Binfty HTTP/1.1" 500 291 "-" "facebookexternalhit/1.1 (+http://www.facebook.com/externalhit_uatext.php)"
158.130.156.168 - - [07/Sep/2013:23:09:42 -0700] "GET /tex/P(A%7CB)=/frac%7BP(B%7CA)P(A)%7D%7BP(B) HTTP/1.1" 500 291 "-" "Mozilla/5.0 (Macintosh; Intel Mac OS X 10_8_4) AppleWebKit/537.36 (KHTML, like Gecko) Chrome/31.0.1624.0 Safari/537.36"
158.130.156.168 - - [07/Sep/2013:23:09:52 -0700] "GET /tex/$/sum_%7Bi=-/infty%7D%5E%7B/infty%7D%20x[n]%20e%5E%7B-2/pi%20i/omega%20t%7D$ HTTP/1.1" 200 2379 "-" "Mozilla/5.0 (Macintosh; Intel Mac OS X 10_8_4) AppleWebKit/537.36 (KHTML, like Gecko) Chrome/31.0.1624.0 Safari/537.36"
54.224.187.97 - - [07/Sep/2013:23:10:13 -0700] "GET /tex/$sum_%7Bi=-infty%7D%5E%7Binfty%7D%20x%5Bn%5D%20e%5E%7B-2pi%20iomega%20t%7D$ HTTP/1.1" 200 3811 "-" "Camo Asset Proxy 1.1.2"
204.236.192.191 - - [07/Sep/2013:23:10:21 -0700] "GET /tex/$sum_%7Bi=-%5Cinfty%7D%5E%7Binfty%7D%20x%5Bn%5D%20e%5E%7B-2pi%20iomega%20t%7D$ HTTP/1.1" 200 3496 "-" "Camo Asset Proxy 1.1.2"
204.236.192.191 - - [07/Sep/2013:23:10:32 -0700] "GET /tex/$sum_%7Bi=-%5Cinfty%7D%5E%7B%5Cinfty%7D%20x%5Bn%5D%20e%5E%7B-2pi%20iomega%20t%7D$ HTTP/1.1" 200 3096 "-" "Camo Asset Proxy 1.1.2"
204.236.192.191 - - [07/Sep/2013:23:10:49 -0700] "GET /tex/$sum_%7Bi=-%5Cinfty%7D%5E%7B%5Cinfty%7D%20x%5Bn%5D%20e%5E%7B-2%5Cpi%20i%5Comega%20t%7D$ HTTP/1.1" 200 2617 "-" "Camo Asset Proxy 1.1.2"
158.130.152.138 - - [07/Sep/2013:23:11:03 -0700] "GET /tex/$%5Cint_%7B-%5Cinfty%7D%5E%7B%5Cinfty%7D%20f%28t%29e%5E%7B-2%5Cpi%20i%5Comega%20t%7Ddt$.png HTTP/1.1" 200 2558 "http://www.facebook.com/l.php?u=http%3A%2F%2Ftex.sh%2Ftex%2F%24%255Cint_%257B-%255Cinfty%257D%255E%257B%255Cinfty%257D%2520f%2528t%2529e%255E%257B-2%255Cpi%2520i%255Comega%2520t%257Ddt%24.png&h=gAQFhyKVJ" "Mozilla/5.0 (X11; Ubuntu; Linux x86_64; rv:23.0) Gecko/20100101 Firefox/23.0"
